2026-10-06 00:10:04 [INFO] 实时价 85310.00
2026-10-06 00:10:04 [INFO] 触发检查结果：无
2026-10-06 00:10:04 [INFO] 无新的风控触发（今日已提醒：无），跳过
2026-10-06 01:10:10 [INFO] 实时价 85230.39
2026-10-06 01:10:10 [INFO] 触发检查结果：无
2026-10-06 01:10:10 [INFO] 无新的风控触发（今日已提醒：无），跳过
2026-10-06 02:10:08 [INFO] 实时价 85398.01
2026-10-06 02:10:08 [INFO] 触发检查结果：无
2026-10-06 02:10:08 [INFO] 无新的风控触发（今日已提醒：无），跳过
2026-10-06 03:10:07 [INFO] 实时价 85595.93
2026-10-06 03:10:07 [INFO] 触发检查结果：无
2026-10-06 03:10:07 [INFO] 无新的风控触发（今日已提醒：无），跳过
2026-10-06 04:10:07 [INFO] 实时价 85704.00
2026-10-06 04:10:07 [INFO] 触发检查结果：无
2026-10-06 04:10:07 [INFO] 无新的风控触发（今日已提醒：无），跳过
2026-10-06 05:10:09 [INFO] 实时价 85752.00
2026-10-06 05:10:09 [INFO] 触发检查结果：无
2026-10-06 05:10:09 [INFO] 无新的风控触发（今日已提醒：无），跳过
2026-10-06 06:10:08 [INFO] 实时价 85894.00
2026-10-06 06:10:08 [INFO] 触发检查结果：无
2026-10-06 06:10:08 [INFO] 无新的风控触发（今日已提醒：无），跳过
2026-10-06 07:10:03 [INFO] 实时价 86032.00
2026-10-06 07:10:03 [INFO] 触发检查结果：无
2026-10-06 07:10:03 [INFO] 无新的风控触发（今日已提醒：无），跳过
2026-10-06 08:10:03 [INFO] 实时价 85845.97
2026-10-06 08:10:03 [INFO] 触发检查结果：无
2026-10-06 08:10:03 [INFO] 无新的风控触发（今日已提醒：无），跳过
2026-10-06 09:10:07 [INFO] 实时价 86008.00
2026-10-06 09:10:07 [INFO] 触发检查结果：无
2026-10-06 09:10:07 [INFO] 无新的风控触发（今日已提醒：无），跳过
2026-10-06 10:10:03 [INFO] 实时价 85482.00
2026-10-06 10:10:03 [INFO] 触发检查结果：无
2026-10-06 10:10:03 [INFO] 无新的风控触发（今日已提醒：无），跳过
2026-10-06 11:10:04 [INFO] 实时价 85552.86
2026-10-06 11:10:04 [INFO] 触发检查结果：无
2026-10-06 11:10:04 [INFO] 无新的风控触发（今日已提醒：无），跳过
2026-10-06 12:10:04 [INFO] 实时价 85594.18
2026-10-06 12:10:04 [INFO] 触发检查结果：无
2026-10-06 12:10:04 [INFO] 无新的风控触发（今日已提醒：无），跳过
2026-10-06 13:10:09 [INFO] 实时价 85708.01
2026-10-06 13:10:09 [INFO] 触发检查结果：无
2026-10-06 13:10:09 [INFO] 无新的风控触发（今日已提醒：无），跳过
2026-10-06 14:10:05 [INFO] 实时价 85311.59
2026-10-06 14:10:05 [INFO] 触发检查结果：无
2026-10-06 14:10:05 [INFO] 无新的风控触发（今日已提醒：无），跳过
2026-10-06 15:10:06 [INFO] 实时价 85333.99
2026-10-06 15:10:06 [INFO] 触发检查结果：无
2026-10-06 15:10:06 [INFO] 无新的风控触发（今日已提醒：无），跳过
2026-10-06 16:10:06 [INFO] 实时价 85816.11
2026-10-06 16:10:06 [INFO] 触发检查结果：无
2026-10-06 16:10:06 [INFO] 无新的风控触发（今日已提醒：无），跳过
2026-10-06 17:10:03 [INFO] 实时价 85926.38
2026-10-06 17:10:03 [INFO] 触发检查结果：无
2026-10-06 17:10:03 [INFO] 无新的风控触发（今日已提醒：无），跳过
2026-10-06 18:10:06 [INFO] 实时价 86024.01
2026-10-06 18:10:06 [INFO] 触发检查结果：无
2026-10-06 18:10:06 [INFO] 无新的风控触发（今日已提醒：无），跳过
2026-10-06 19:10:04 [INFO] 实时价 86090.01
2026-10-06 19:10:04 [INFO] 触发检查结果：无
2026-10-06 19:10:04 [INFO] 无新的风控触发（今日已提醒：无），跳过
2026-10-06 20:10:09 [INFO] 实时价 86318.00
2026-10-06 20:10:09 [INFO] 触发检查结果：无
2026-10-06 20:10:09 [INFO] 无新的风控触发（今日已提醒：无），跳过
2026-10-06 21:10:04 [INFO] 实时价 86098.00
2026-10-06 21:10:04 [INFO] 触发检查结果：无
2026-10-06 21:10:04 [INFO] 无新的风控触发（今日已提醒：无），跳过
2026-10-06 22:10:04 [INFO] 实时价 86178.01
2026-10-06 22:10:04 [INFO] 触发检查结果：无
2026-10-06 22:10:04 [INFO] 无新的风控触发（今日已提醒：无），跳过
2026-10-06 23:10:06 [WARNING] 拉取K线失败（第 1/3 次）：<urlopen error EOF occurred in violation of protocol (_ssl.c:1129)>
2026-10-06 23:10:11 [INFO] BTCUSDT 实时价 86571.2
2026-10-06 23:10:15 [INFO] ETHUSDT 实时价 2720.46
2026-10-06 23:10:18 [INFO] BNBUSDT 实时价 785.75
2026-10-06 23:10:20 [INFO] SOLUSDT 实时价 121.7
2026-10-06 23:10:21 [INFO] 触发检查结果：无
2026-10-06 23:10:21 [INFO] 无新的风控触发（今日已提醒：无），跳过
