2026-10-09 00:49:01 [INFO] BTCUSDT 实时价 81097.2
2026-10-09 00:49:02 [INFO] ETHUSDT 实时价 2423.5
2026-10-09 00:49:04 [INFO] BNBUSDT 实时价 727.19
2026-10-09 00:49:05 [INFO] SOLUSDT 实时价 108.19
2026-10-09 00:49:05 [INFO] 触发检查结果：无
2026-10-09 00:49:05 [INFO] 无新的风控触发（今日已提醒：无），跳过
2026-10-09 01:49:01 [INFO] BTCUSDT 实时价 80710.5
2026-10-09 01:49:03 [INFO] ETHUSDT 实时价 2416.15
2026-10-09 01:49:04 [INFO] BNBUSDT 实时价 721.33
2026-10-09 01:49:05 [INFO] SOLUSDT 实时价 106.16
2026-10-09 01:49:05 [INFO] 触发检查结果：无
2026-10-09 01:49:05 [INFO] 无新的风控触发（今日已提醒：无），跳过
2026-10-09 02:49:01 [INFO] BTCUSDT 实时价 81486
2026-10-09 02:49:02 [INFO] ETHUSDT 实时价 2444.26
2026-10-09 02:49:04 [INFO] BNBUSDT 实时价 727.47
2026-10-09 02:49:05 [INFO] SOLUSDT 实时价 107.84
2026-10-09 02:49:05 [INFO] 触发检查结果：无
2026-10-09 02:49:05 [INFO] 无新的风控触发（今日已提醒：无），跳过
2026-10-09 03:49:01 [INFO] BTCUSDT 实时价 81759.9
2026-10-09 03:49:02 [INFO] ETHUSDT 实时价 2463.98
2026-10-09 03:49:03 [INFO] BNBUSDT 实时价 731.18
2026-10-09 03:49:04 [INFO] SOLUSDT 实时价 109.22
2026-10-09 03:49:04 [INFO] 触发检查结果：无
2026-10-09 03:49:04 [INFO] 无新的风控触发（今日已提醒：无），跳过
2026-10-09 04:49:01 [INFO] BTCUSDT 实时价 81801.4
2026-10-09 04:49:02 [INFO] ETHUSDT 实时价 2471.98
2026-10-09 04:49:03 [INFO] BNBUSDT 实时价 734.37
2026-10-09 04:49:04 [INFO] SOLUSDT 实时价 109.66
2026-10-09 04:49:04 [INFO] 触发检查结果：无
2026-10-09 04:49:04 [INFO] 无新的风控触发（今日已提醒：无），跳过
2026-10-09 05:49:01 [INFO] BTCUSDT 实时价 81630.9
2026-10-09 05:49:03 [INFO] ETHUSDT 实时价 2473.08
2026-10-09 05:49:04 [INFO] BNBUSDT 实时价 733.86
2026-10-09 05:49:05 [INFO] SOLUSDT 实时价 110.14
2026-10-09 05:49:05 [INFO] 触发检查结果：无
2026-10-09 05:49:05 [INFO] 无新的风控触发（今日已提醒：无），跳过
2026-10-09 06:49:01 [INFO] BTCUSDT 实时价 81928
2026-10-09 06:49:02 [INFO] ETHUSDT 实时价 2475.41
2026-10-09 06:49:03 [INFO] BNBUSDT 实时价 737.38
2026-10-09 06:49:05 [INFO] SOLUSDT 实时价 110.45
2026-10-09 06:49:05 [INFO] 触发检查结果：无
2026-10-09 06:49:05 [INFO] 无新的风控触发（今日已提醒：无），跳过
2026-10-09 07:49:01 [INFO] BTCUSDT 实时价 81720.2
2026-10-09 07:49:02 [INFO] ETHUSDT 实时价 2473.39
2026-10-09 07:49:03 [INFO] BNBUSDT 实时价 737.2
2026-10-09 07:49:04 [INFO] SOLUSDT 实时价 109.92
2026-10-09 07:49:04 [INFO] 触发检查结果：无
2026-10-09 07:49:04 [INFO] 无新的风控触发（今日已提醒：无），跳过
2026-10-09 08:49:02 [INFO] BTCUSDT 实时价 81865.2
2026-10-09 08:49:03 [INFO] ETHUSDT 实时价 2480.59
2026-10-09 08:49:04 [INFO] BNBUSDT 实时价 735.97
2026-10-09 08:49:05 [INFO] SOLUSDT 实时价 109.42
2026-10-09 08:49:05 [INFO] 触发检查结果：无
2026-10-09 08:49:05 [INFO] 无新的风控触发（今日已提醒：无），跳过
2026-10-09 09:49:03 [INFO] BTCUSDT 实时价 81948
2026-10-09 09:49:04 [INFO] ETHUSDT 实时价 2484.24
2026-10-09 09:49:05 [INFO] BNBUSDT 实时价 736.99
2026-10-09 09:49:06 [INFO] SOLUSDT 实时价 109.44
2026-10-09 09:49:06 [INFO] 触发检查结果：无
2026-10-09 09:49:06 [INFO] 无新的风控触发（今日已提醒：无），跳过
2026-10-09 10:49:02 [INFO] BTCUSDT 实时价 82116.5
2026-10-09 10:49:03 [INFO] ETHUSDT 实时价 2489.09
2026-10-09 10:49:04 [INFO] BNBUSDT 实时价 739.2
2026-10-09 10:49:05 [INFO] SOLUSDT 实时价 110.27
2026-10-09 10:49:05 [INFO] 触发检查结果：无
2026-10-09 10:49:05 [INFO] 无新的风控触发（今日已提醒：无），跳过
2026-10-09 11:49:01 [INFO] BTCUSDT 实时价 82368
2026-10-09 11:49:02 [INFO] ETHUSDT 实时价 2491.62
2026-10-09 11:49:03 [INFO] BNBUSDT 实时价 740.31
2026-10-09 11:49:04 [INFO] SOLUSDT 实时价 110.23
2026-10-09 11:49:04 [INFO] 触发检查结果：无
2026-10-09 11:49:04 [INFO] 无新的风控触发（今日已提醒：无），跳过
2026-10-09 12:49:02 [INFO] BTCUSDT 实时价 82294
2026-10-09 12:49:03 [INFO] ETHUSDT 实时价 2489.4
2026-10-09 12:49:04 [INFO] BNBUSDT 实时价 741.21
2026-10-09 12:49:05 [INFO] SOLUSDT 实时价 109.96
2026-10-09 12:49:05 [INFO] 触发检查结果：无
2026-10-09 12:49:05 [INFO] 无新的风控触发（今日已提醒：无），跳过
2026-10-09 13:49:02 [INFO] BTCUSDT 实时价 82366.6
2026-10-09 13:49:04 [INFO] ETHUSDT 实时价 2491.04
2026-10-09 13:49:07 [INFO] BNBUSDT 实时价 742.75
2026-10-09 13:49:09 [INFO] SOLUSDT 实时价 110.35
2026-10-09 13:49:09 [INFO] 触发检查结果：无
2026-10-09 13:49:09 [INFO] 无新的风控触发（今日已提醒：无），跳过
2026-10-09 14:49:04 [INFO] BTCUSDT 实时价 82588.6
2026-10-09 14:49:09 [INFO] ETHUSDT 实时价 2499.19
2026-10-09 14:49:14 [INFO] BNBUSDT 实时价 743.34
2026-10-09 14:49:18 [INFO] SOLUSDT 实时价 110.7
2026-10-09 14:49:18 [INFO] 触发检查结果：无
2026-10-09 14:49:18 [INFO] 无新的风控触发（今日已提醒：无），跳过
2026-10-09 15:49:02 [INFO] BTCUSDT 实时价 82520
2026-10-09 15:49:04 [INFO] ETHUSDT 实时价 2502.12
2026-10-09 15:49:06 [INFO] BNBUSDT 实时价 744.13
2026-10-09 15:49:08 [INFO] SOLUSDT 实时价 110.45
2026-10-09 15:49:08 [INFO] 触发检查结果：无
2026-10-09 15:49:08 [INFO] 无新的风控触发（今日已提醒：无），跳过
2026-10-09 16:49:04 [INFO] BTCUSDT 实时价 82593.4
2026-10-09 16:49:05 [INFO] ETHUSDT 实时价 2500.24
2026-10-09 16:49:06 [INFO] BNBUSDT 实时价 743.09
2026-10-09 16:49:07 [INFO] SOLUSDT 实时价 110.32
2026-10-09 16:49:07 [INFO] 触发检查结果：无
2026-10-09 16:49:07 [INFO] 无新的风控触发（今日已提醒：无），跳过
2026-10-09 17:49:01 [INFO] BTCUSDT 实时价 82628
2026-10-09 17:49:02 [INFO] ETHUSDT 实时价 2503.98
2026-10-09 17:49:03 [INFO] BNBUSDT 实时价 742.33
2026-10-09 17:49:04 [INFO] SOLUSDT 实时价 110.37
2026-10-09 17:49:04 [INFO] 触发检查结果：无
2026-10-09 17:49:04 [INFO] 无新的风控触发（今日已提醒：无），跳过
2026-10-09 18:49:01 [INFO] BTCUSDT 实时价 82536
2026-10-09 18:49:02 [INFO] ETHUSDT 实时价 2493.64
2026-10-09 18:49:03 [INFO] BNBUSDT 实时价 743.44
2026-10-09 18:49:04 [INFO] SOLUSDT 实时价 109.67
2026-10-09 18:49:04 [INFO] 触发检查结果：无
2026-10-09 18:49:04 [INFO] 无新的风控触发（今日已提醒：无），跳过
2026-10-09 19:49:01 [INFO] BTCUSDT 实时价 83390.5
2026-10-09 19:49:02 [INFO] ETHUSDT 实时价 2511.79
2026-10-09 19:49:03 [INFO] BNBUSDT 实时价 744.84
2026-10-09 19:49:05 [INFO] SOLUSDT 实时价 111.62
2026-10-09 19:49:05 [INFO] 触发检查结果：无
2026-10-09 19:49:05 [INFO] 无新的风控触发（今日已提醒：无），跳过
2026-10-09 20:49:02 [INFO] BTCUSDT 实时价 83060
2026-10-09 20:49:03 [INFO] ETHUSDT 实时价 2497.26
2026-10-09 20:49:04 [INFO] BNBUSDT 实时价 742.21
2026-10-09 20:49:05 [INFO] SOLUSDT 实时价 110.38
2026-10-09 20:49:05 [INFO] 触发检查结果：无
2026-10-09 20:49:05 [INFO] 无新的风控触发（今日已提醒：无），跳过
2026-10-09 21:49:01 [INFO] BTCUSDT 实时价 82612
2026-10-09 21:49:03 [INFO] ETHUSDT 实时价 2485.8
2026-10-09 21:49:04 [INFO] BNBUSDT 实时价 738.79
2026-10-09 21:49:05 [INFO] SOLUSDT 实时价 109.73
2026-10-09 21:49:05 [INFO] 触发检查结果：无
2026-10-09 21:49:05 [INFO] 无新的风控触发（今日已提醒：无），跳过
2026-10-09 22:49:04 [INFO] BTCUSDT 实时价 82954
2026-10-09 22:49:06 [INFO] ETHUSDT 实时价 2489.02
2026-10-09 22:49:08 [INFO] BNBUSDT 实时价 740.72
2026-10-09 22:49:09 [INFO] SOLUSDT 实时价 110.04
2026-10-09 22:49:09 [INFO] 触发检查结果：无
2026-10-09 22:49:09 [INFO] 无新的风控触发（今日已提醒：无），跳过
2026-10-09 23:49:01 [INFO] BTCUSDT 实时价 82950
2026-10-09 23:49:03 [INFO] ETHUSDT 实时价 2489.1
2026-10-09 23:49:04 [INFO] BNBUSDT 实时价 740.39
2026-10-09 23:49:05 [INFO] SOLUSDT 实时价 109.69
2026-10-09 23:49:05 [INFO] 触发检查结果：无
2026-10-09 23:49:05 [INFO] 无新的风控触发（今日已提醒：无），跳过
