2026-10-10 00:49:02 [INFO] BTCUSDT 实时价 82779.1
2026-10-10 00:49:03 [INFO] ETHUSDT 实时价 2491.51
2026-10-10 00:49:04 [INFO] BNBUSDT 实时价 740.76
2026-10-10 00:49:05 [INFO] SOLUSDT 实时价 109.71
2026-10-10 00:49:05 [INFO] 触发检查结果：无
2026-10-10 00:49:05 [INFO] 无新的风控触发（今日已提醒：无），跳过
2026-10-10 01:49:01 [INFO] BTCUSDT 实时价 82684
2026-10-10 01:49:02 [INFO] ETHUSDT 实时价 2486.19
2026-10-10 01:49:04 [INFO] BNBUSDT 实时价 740.66
2026-10-10 01:49:05 [INFO] SOLUSDT 实时价 109.69
2026-10-10 01:49:05 [INFO] 触发检查结果：无
2026-10-10 01:49:05 [INFO] 无新的风控触发（今日已提醒：无），跳过
2026-10-10 02:49:02 [INFO] BTCUSDT 实时价 82498.7
2026-10-10 02:49:03 [INFO] ETHUSDT 实时价 2484.55
2026-10-10 02:49:04 [INFO] BNBUSDT 实时价 739.66
2026-10-10 02:49:05 [INFO] SOLUSDT 实时价 109.47
2026-10-10 02:49:05 [INFO] 触发检查结果：无
2026-10-10 02:49:05 [INFO] 无新的风控触发（今日已提醒：无），跳过
2026-10-10 03:49:01 [INFO] BTCUSDT 实时价 82382.1
2026-10-10 03:49:02 [INFO] ETHUSDT 实时价 2476.09
2026-10-10 03:49:04 [INFO] BNBUSDT 实时价 738.17
2026-10-10 03:49:05 [INFO] SOLUSDT 实时价 108.56
2026-10-10 03:49:05 [INFO] 触发检查结果：无
2026-10-10 03:49:05 [INFO] 无新的风控触发（今日已提醒：无），跳过
2026-10-10 04:49:01 [INFO] BTCUSDT 实时价 82497.9
2026-10-10 04:49:02 [INFO] ETHUSDT 实时价 2482.17
2026-10-10 04:49:03 [INFO] BNBUSDT 实时价 740.43
2026-10-10 04:49:05 [INFO] SOLUSDT 实时价 109.01
2026-10-10 04:49:05 [INFO] 触发检查结果：无
2026-10-10 04:49:05 [INFO] 无新的风控触发（今日已提醒：无），跳过
2026-10-10 05:49:02 [INFO] BTCUSDT 实时价 82550.4
2026-10-10 05:49:03 [INFO] ETHUSDT 实时价 2485.11
2026-10-10 05:49:04 [INFO] BNBUSDT 实时价 742.64
2026-10-10 05:49:05 [INFO] SOLUSDT 实时价 109.07
2026-10-10 05:49:05 [INFO] 触发检查结果：无
2026-10-10 05:49:05 [INFO] 无新的风控触发（今日已提醒：无），跳过
2026-10-10 06:49:01 [INFO] BTCUSDT 实时价 82630
2026-10-10 06:49:03 [INFO] ETHUSDT 实时价 2490
2026-10-10 06:49:04 [INFO] BNBUSDT 实时价 741.91
2026-10-10 06:49:05 [INFO] SOLUSDT 实时价 109.32
2026-10-10 06:49:05 [INFO] 触发检查结果：无
2026-10-10 06:49:05 [INFO] 无新的风控触发（今日已提醒：无），跳过
2026-10-10 07:49:01 [INFO] BTCUSDT 实时价 82679.2
2026-10-10 07:49:02 [INFO] ETHUSDT 实时价 2489.16
2026-10-10 07:49:04 [INFO] BNBUSDT 实时价 743.29
2026-10-10 07:49:05 [INFO] SOLUSDT 实时价 109.32
2026-10-10 07:49:05 [INFO] 触发检查结果：无
2026-10-10 07:49:05 [INFO] 无新的风控触发（今日已提醒：无），跳过
2026-10-10 08:49:02 [INFO] BTCUSDT 实时价 82570
2026-10-10 08:49:03 [INFO] ETHUSDT 实时价 2490.37
2026-10-10 08:49:04 [INFO] BNBUSDT 实时价 743.39
2026-10-10 08:49:05 [INFO] SOLUSDT 实时价 109.47
2026-10-10 08:49:05 [INFO] 触发检查结果：无
2026-10-10 08:49:05 [INFO] 无新的风控触发（今日已提醒：无），跳过
2026-10-10 09:49:01 [INFO] BTCUSDT 实时价 82724.9
2026-10-10 09:49:03 [INFO] ETHUSDT 实时价 2495.24
2026-10-10 09:49:04 [INFO] BNBUSDT 实时价 745.77
2026-10-10 09:49:05 [INFO] SOLUSDT 实时价 109.93
2026-10-10 09:49:05 [INFO] 触发检查结果：无
2026-10-10 09:49:05 [INFO] 无新的风控触发（今日已提醒：无），跳过
2026-10-10 10:49:01 [INFO] BTCUSDT 实时价 82624
2026-10-10 10:49:02 [INFO] ETHUSDT 实时价 2493.96
2026-10-10 10:49:03 [INFO] BNBUSDT 实时价 745.63
2026-10-10 10:49:04 [INFO] SOLUSDT 实时价 109.88
2026-10-10 10:49:05 [INFO] 触发检查结果：无
2026-10-10 10:49:05 [INFO] 无新的风控触发（今日已提醒：无），跳过
2026-10-10 11:49:01 [INFO] BTCUSDT 实时价 82594
2026-10-10 11:49:03 [INFO] ETHUSDT 实时价 2491.64
2026-10-10 11:49:04 [INFO] BNBUSDT 实时价 744.89
2026-10-10 11:49:05 [INFO] SOLUSDT 实时价 109.77
2026-10-10 11:49:05 [INFO] 触发检查结果：无
2026-10-10 11:49:05 [INFO] 无新的风控触发（今日已提醒：无），跳过
2026-10-10 13:03:02 [INFO] BTCUSDT 实时价 82674.6
2026-10-10 13:03:04 [INFO] ETHUSDT 实时价 2494.48
2026-10-10 13:03:06 [INFO] BNBUSDT 实时价 747.34
2026-10-10 13:03:07 [INFO] SOLUSDT 实时价 109.89
2026-10-10 13:03:07 [INFO] 触发检查结果：无
2026-10-10 13:03:07 [INFO] 无新的风控触发（今日已提醒：无），跳过
2026-10-10 14:03:04 [INFO] BTCUSDT 实时价 82820.3
2026-10-10 14:03:05 [INFO] ETHUSDT 实时价 2497.48
2026-10-10 14:03:06 [INFO] BNBUSDT 实时价 750.33
2026-10-10 14:03:07 [INFO] SOLUSDT 实时价 110.05
2026-10-10 14:03:07 [INFO] 触发检查结果：无
2026-10-10 14:03:07 [INFO] 无新的风控触发（今日已提醒：无），跳过
2026-10-10 15:03:01 [INFO] BTCUSDT 实时价 82750
2026-10-10 15:03:02 [INFO] ETHUSDT 实时价 2493.77
2026-10-10 15:03:03 [INFO] BNBUSDT 实时价 748
2026-10-10 15:03:04 [INFO] SOLUSDT 实时价 109.81
2026-10-10 15:03:04 [INFO] 触发检查结果：无
2026-10-10 15:03:04 [INFO] 无新的风控触发（今日已提醒：无），跳过
2026-10-10 16:03:05 [INFO] BTCUSDT 实时价 82828.9
2026-10-10 16:03:06 [INFO] ETHUSDT 实时价 2496.11
2026-10-10 16:03:07 [INFO] BNBUSDT 实时价 750.11
2026-10-10 16:03:08 [INFO] SOLUSDT 实时价 110.02
2026-10-10 16:03:08 [INFO] 触发检查结果：无
2026-10-10 16:03:08 [INFO] 无新的风控触发（今日已提醒：无），跳过
2026-10-10 17:03:01 [INFO] BTCUSDT 实时价 82858.5
2026-10-10 17:03:02 [INFO] ETHUSDT 实时价 2495.75
2026-10-10 17:03:03 [INFO] BNBUSDT 实时价 749.91
2026-10-10 17:03:04 [INFO] SOLUSDT 实时价 109.99
2026-10-10 17:03:04 [INFO] 触发检查结果：无
2026-10-10 17:03:04 [INFO] 无新的风控触发（今日已提醒：无），跳过
2026-10-10 18:03:01 [INFO] BTCUSDT 实时价 82856
2026-10-10 18:03:02 [INFO] ETHUSDT 实时价 2496.01
2026-10-10 18:03:03 [INFO] BNBUSDT 实时价 749.72
2026-10-10 18:03:04 [INFO] SOLUSDT 实时价 109.84
2026-10-10 18:03:05 [INFO] 触发检查结果：无
2026-10-10 18:03:05 [INFO] 无新的风控触发（今日已提醒：无），跳过
2026-10-10 19:03:01 [INFO] BTCUSDT 实时价 82857.6
2026-10-10 19:03:02 [INFO] ETHUSDT 实时价 2496.01
2026-10-10 19:03:03 [INFO] BNBUSDT 实时价 749.65
2026-10-10 19:03:04 [INFO] SOLUSDT 实时价 109.65
2026-10-10 19:03:04 [INFO] 触发检查结果：无
2026-10-10 19:03:04 [INFO] 无新的风控触发（今日已提醒：无），跳过
2026-10-10 20:03:01 [INFO] BTCUSDT 实时价 82861.3
2026-10-10 20:03:02 [INFO] ETHUSDT 实时价 2496.25
2026-10-10 20:03:03 [INFO] BNBUSDT 实时价 748.49
2026-10-10 20:03:04 [INFO] SOLUSDT 实时价 109.76
2026-10-10 20:03:04 [INFO] 触发检查结果：无
2026-10-10 20:03:04 [INFO] 无新的风控触发（今日已提醒：无），跳过
2026-10-10 21:03:01 [INFO] BTCUSDT 实时价 82829.3
2026-10-10 21:03:02 [INFO] ETHUSDT 实时价 2497.21
2026-10-10 21:03:03 [INFO] BNBUSDT 实时价 748.72
2026-10-10 21:03:04 [INFO] SOLUSDT 实时价 109.8
2026-10-10 21:03:04 [INFO] 触发检查结果：无
2026-10-10 21:03:04 [INFO] 无新的风控触发（今日已提醒：无），跳过
