2026-10-08 00:49:04 [INFO] BTCUSDT 实时价 83391.9
2026-10-08 00:49:06 [INFO] ETHUSDT 实时价 2566.2
2026-10-08 00:49:09 [INFO] BNBUSDT 实时价 771.03
2026-10-08 00:49:11 [INFO] SOLUSDT 实时价 116.79
2026-10-08 00:49:11 [INFO] 触发检查结果：无
2026-10-08 00:49:11 [INFO] 无新的风控触发（今日已提醒：无），跳过
2026-10-08 01:49:03 [INFO] BTCUSDT 实时价 83153.1
2026-10-08 01:49:06 [INFO] ETHUSDT 实时价 2550.05
2026-10-08 01:49:08 [INFO] BNBUSDT 实时价 768.68
2026-10-08 01:49:10 [INFO] SOLUSDT 实时价 116.24
2026-10-08 01:49:10 [INFO] 触发检查结果：无
2026-10-08 01:49:10 [INFO] 无新的风控触发（今日已提醒：无），跳过
2026-10-08 02:49:08 [INFO] BTCUSDT 实时价 83374
2026-10-08 02:49:10 [INFO] ETHUSDT 实时价 2560.5
2026-10-08 02:49:12 [INFO] BNBUSDT 实时价 771.29
2026-10-08 02:49:15 [INFO] SOLUSDT 实时价 116.26
2026-10-08 02:49:15 [INFO] 触发检查结果：无
2026-10-08 02:49:15 [INFO] 无新的风控触发（今日已提醒：无），跳过
2026-10-08 03:49:05 [INFO] BTCUSDT 实时价 83352.7
2026-10-08 03:49:08 [INFO] ETHUSDT 实时价 2567.72
2026-10-08 03:49:10 [INFO] BNBUSDT 实时价 771.53
2026-10-08 03:49:12 [INFO] SOLUSDT 实时价 115.8
2026-10-08 03:49:12 [INFO] 触发检查结果：无
2026-10-08 03:49:12 [INFO] 无新的风控触发（今日已提醒：无），跳过
2026-10-08 04:49:10 [INFO] BTCUSDT 实时价 83380
2026-10-08 04:49:13 [INFO] ETHUSDT 实时价 2572.79
2026-10-08 04:49:15 [INFO] BNBUSDT 实时价 770.5
2026-10-08 04:49:17 [INFO] SOLUSDT 实时价 116.17
2026-10-08 04:49:17 [INFO] 触发检查结果：无
2026-10-08 04:49:17 [INFO] 无新的风控触发（今日已提醒：无），跳过
2026-10-08 05:49:03 [INFO] BTCUSDT 实时价 83198.9
2026-10-08 05:49:06 [INFO] ETHUSDT 实时价 2567.53
2026-10-08 05:49:08 [INFO] BNBUSDT 实时价 769.51
2026-10-08 05:49:10 [INFO] SOLUSDT 实时价 115.5
2026-10-08 05:49:10 [INFO] 触发检查结果：无
2026-10-08 05:49:10 [INFO] 无新的风控触发（今日已提醒：无），跳过
2026-10-08 06:49:08 [INFO] BTCUSDT 实时价 83252
2026-10-08 06:49:10 [INFO] ETHUSDT 实时价 2569.44
2026-10-08 06:49:12 [INFO] BNBUSDT 实时价 771.52
2026-10-08 06:49:14 [INFO] SOLUSDT 实时价 115.97
2026-10-08 06:49:14 [INFO] 触发检查结果：无
2026-10-08 06:49:14 [INFO] 无新的风控触发（今日已提醒：无），跳过
2026-10-08 07:49:03 [INFO] BTCUSDT 实时价 83334.6
2026-10-08 07:49:06 [INFO] ETHUSDT 实时价 2574.39
2026-10-08 07:49:08 [INFO] BNBUSDT 实时价 773.59
2026-10-08 07:49:10 [INFO] SOLUSDT 实时价 116.24
2026-10-08 07:49:10 [INFO] 触发检查结果：无
2026-10-08 07:49:10 [INFO] 无新的风控触发（今日已提醒：无），跳过
2026-10-08 08:49:03 [INFO] BTCUSDT 实时价 83395.2
2026-10-08 08:49:06 [INFO] ETHUSDT 实时价 2576.19
2026-10-08 08:49:08 [INFO] BNBUSDT 实时价 773.87
2026-10-08 08:49:10 [INFO] SOLUSDT 实时价 116.43
2026-10-08 08:49:10 [INFO] 触发检查结果：无
2026-10-08 08:49:10 [INFO] 无新的风控触发（今日已提醒：无），跳过
2026-10-08 10:49:07 [INFO] BTCUSDT 实时价 83224
2026-10-08 10:49:09 [INFO] ETHUSDT 实时价 2584.78
2026-10-08 10:49:11 [INFO] BNBUSDT 实时价 774.01
2026-10-08 10:49:13 [INFO] SOLUSDT 实时价 116.67
2026-10-08 10:49:13 [INFO] 触发检查结果：无
2026-10-08 10:49:13 [INFO] 无新的风控触发（今日已提醒：无），跳过
2026-10-08 11:49:01 [INFO] BTCUSDT 实时价 82887.5
2026-10-08 11:49:02 [INFO] ETHUSDT 实时价 2569.22
2026-10-08 11:49:03 [INFO] BNBUSDT 实时价 770.4
2026-10-08 11:49:04 [INFO] SOLUSDT 实时价 115.92
2026-10-08 11:49:04 [INFO] 触发检查结果：无
2026-10-08 11:49:04 [INFO] 无新的风控触发（今日已提醒：无），跳过
