2026-10-07 00:10:06 [INFO] BTCUSDT 实时价 85731.4
2026-10-07 00:10:09 [INFO] ETHUSDT 实时价 2703.73
2026-10-07 00:10:12 [INFO] BNBUSDT 实时价 782.83
2026-10-07 00:10:15 [INFO] SOLUSDT 实时价 120.9
2026-10-07 00:10:15 [INFO] 触发检查结果：无
2026-10-07 00:10:15 [INFO] 无新的风控触发（今日已提醒：无），跳过
2026-10-07 01:10:03 [INFO] BTCUSDT 实时价 85627.2
2026-10-07 01:10:06 [INFO] ETHUSDT 实时价 2697.7
2026-10-07 01:10:08 [INFO] BNBUSDT 实时价 780.93
2026-10-07 01:10:11 [INFO] SOLUSDT 实时价 120.41
2026-10-07 01:10:11 [INFO] 触发检查结果：无
2026-10-07 01:10:11 [INFO] 无新的风控触发（今日已提醒：无），跳过
2026-10-07 02:10:03 [INFO] BTCUSDT 实时价 85756.5
2026-10-07 02:10:05 [INFO] ETHUSDT 实时价 2700.57
2026-10-07 02:10:08 [INFO] BNBUSDT 实时价 782.65
2026-10-07 02:10:10 [INFO] SOLUSDT 实时价 121.15
2026-10-07 02:10:10 [INFO] 触发检查结果：无
2026-10-07 02:10:10 [INFO] 无新的风控触发（今日已提醒：无），跳过
2026-10-07 03:10:04 [INFO] BTCUSDT 实时价 85444.4
2026-10-07 03:10:07 [INFO] ETHUSDT 实时价 2687.43
2026-10-07 03:10:09 [INFO] BNBUSDT 实时价 779.96
2026-10-07 03:10:11 [INFO] SOLUSDT 实时价 120.64
2026-10-07 03:10:11 [INFO] 触发检查结果：无
2026-10-07 03:10:11 [INFO] 无新的风控触发（今日已提醒：无），跳过
2026-10-07 04:10:07 [INFO] BTCUSDT 实时价 85605
2026-10-07 04:10:09 [INFO] ETHUSDT 实时价 2692.22
2026-10-07 04:10:11 [INFO] BNBUSDT 实时价 778.92
2026-10-07 04:10:14 [INFO] SOLUSDT 实时价 120.83
2026-10-07 04:10:14 [INFO] 触发检查结果：无
2026-10-07 04:10:14 [INFO] 无新的风控触发（今日已提醒：无），跳过
2026-10-07 05:10:02 [INFO] BTCUSDT 实时价 85545.6
2026-10-07 05:10:05 [INFO] ETHUSDT 实时价 2696
2026-10-07 05:10:07 [INFO] BNBUSDT 实时价 779.55
2026-10-07 05:10:10 [INFO] SOLUSDT 实时价 120.81
2026-10-07 05:10:10 [INFO] 触发检查结果：无
2026-10-07 05:10:10 [INFO] 无新的风控触发（今日已提醒：无），跳过
2026-10-07 06:10:03 [INFO] BTCUSDT 实时价 85649.6
2026-10-07 06:10:05 [INFO] ETHUSDT 实时价 2699.41
2026-10-07 06:10:07 [INFO] BNBUSDT 实时价 780.37
2026-10-07 06:10:10 [INFO] SOLUSDT 实时价 121.42
2026-10-07 06:10:10 [INFO] 触发检查结果：无
2026-10-07 06:10:10 [INFO] 无新的风控触发（今日已提醒：无），跳过
2026-10-07 07:10:07 [INFO] BTCUSDT 实时价 85520.2
2026-10-07 07:10:09 [INFO] ETHUSDT 实时价 2698.28
2026-10-07 07:10:11 [INFO] BNBUSDT 实时价 779.6
2026-10-07 07:10:14 [INFO] SOLUSDT 实时价 120.81
2026-10-07 07:10:14 [INFO] 触发检查结果：无
2026-10-07 07:10:14 [INFO] 无新的风控触发（今日已提醒：无），跳过
2026-10-07 08:10:02 [WARNING] 取实时价失败（第 1/3 次）：<urlopen error [Errno 2] No such file or directory>
2026-10-07 08:10:04 [WARNING] 取实时价失败（第 2/3 次）：<urlopen error [Errno 2] No such file or directory>
2026-10-07 08:10:09 [WARNING] 取实时价失败（第 3/3 次）：<urlopen error [Errno 2] No such file or directory>
2026-10-07 08:10:09 [ERROR] 风控提醒运行失败：取实时价失败：<urlopen error [Errno 2] No such file or directory>
Traceback (most recent call last):
  File "C:\git\main_bian_test\case\历史回测3-3X探索的策略\common.py", line 1625, in main_alert
    return check_alerts(keys, dry_run="--dry-run" in argv,
  File "C:\git\main_bian_test\case\历史回测3-3X探索的策略\common.py", line 1530, in check_alerts
    px_map[s] = fetch_price(s, 3, log)
  File "C:\git\main_bian_test\case\历史回测3-3X探索的策略\common.py", line 1462, in fetch_price
    raise RuntimeError(f"取实时价失败：{last_err}")
RuntimeError: 取实时价失败：<urlopen error [Errno 2] No such file or directory>
2026-10-07 09:49:05 [INFO] BTCUSDT 实时价 85311.3
2026-10-07 09:49:07 [INFO] ETHUSDT 实时价 2687.78
2026-10-07 09:49:10 [INFO] BNBUSDT 实时价 777.3
2026-10-07 09:49:13 [INFO] SOLUSDT 实时价 119.95
2026-10-07 09:49:13 [INFO] 触发检查结果：无
2026-10-07 09:49:13 [INFO] 无新的风控触发（今日已提醒：无），跳过
2026-10-07 10:49:06 [INFO] BTCUSDT 实时价 83891.9
2026-10-07 10:49:09 [INFO] ETHUSDT 实时价 2615
2026-10-07 10:49:11 [INFO] BNBUSDT 实时价 766.17
2026-10-07 10:49:14 [INFO] SOLUSDT 实时价 118.4
2026-10-07 10:49:14 [INFO] 触发检查结果：无
2026-10-07 10:49:14 [INFO] 无新的风控触发（今日已提醒：无），跳过
2026-10-07 11:49:04 [INFO] BTCUSDT 实时价 84219.2
2026-10-07 11:49:06 [INFO] ETHUSDT 实时价 2614.01
2026-10-07 11:49:09 [INFO] BNBUSDT 实时价 767.77
2026-10-07 11:49:12 [INFO] SOLUSDT 实时价 118.36
2026-10-07 11:49:12 [INFO] 触发检查结果：无
2026-10-07 11:49:12 [INFO] 无新的风控触发（今日已提醒：无），跳过
2026-10-07 12:49:04 [INFO] BTCUSDT 实时价 84136
2026-10-07 12:49:07 [INFO] ETHUSDT 实时价 2611.01
2026-10-07 12:49:10 [INFO] BNBUSDT 实时价 766.6
2026-10-07 12:49:12 [INFO] SOLUSDT 实时价 118.15
2026-10-07 12:49:12 [INFO] 触发检查结果：无
2026-10-07 12:49:12 [INFO] 无新的风控触发（今日已提醒：无），跳过
2026-10-07 13:49:08 [INFO] BTCUSDT 实时价 84264
2026-10-07 13:49:11 [INFO] ETHUSDT 实时价 2618.93
2026-10-07 13:49:13 [INFO] BNBUSDT 实时价 769.68
2026-10-07 13:49:16 [INFO] SOLUSDT 实时价 118.79
2026-10-07 13:49:16 [INFO] 触发检查结果：无
2026-10-07 13:49:16 [INFO] 无新的风控触发（今日已提醒：无），跳过
2026-10-07 14:49:04 [INFO] BTCUSDT 实时价 84272
2026-10-07 14:49:07 [INFO] ETHUSDT 实时价 2619.25
2026-10-07 14:49:10 [INFO] BNBUSDT 实时价 768.77
2026-10-07 14:49:13 [INFO] SOLUSDT 实时价 118.89
2026-10-07 14:49:13 [INFO] 触发检查结果：无
2026-10-07 14:49:13 [INFO] 无新的风控触发（今日已提醒：无），跳过
2026-10-07 15:49:05 [INFO] BTCUSDT 实时价 84250
2026-10-07 15:49:08 [INFO] ETHUSDT 实时价 2619.01
2026-10-07 15:49:10 [INFO] BNBUSDT 实时价 774.6
2026-10-07 15:49:13 [INFO] SOLUSDT 实时价 118.79
2026-10-07 15:49:13 [INFO] 触发检查结果：无
2026-10-07 15:49:13 [INFO] 无新的风控触发（今日已提醒：无），跳过
2026-10-07 16:49:06 [INFO] BTCUSDT 实时价 84018.4
2026-10-07 16:49:08 [INFO] ETHUSDT 实时价 2612.57
2026-10-07 16:49:11 [INFO] BNBUSDT 实时价 773.95
2026-10-07 16:49:14 [INFO] SOLUSDT 实时价 118.49
2026-10-07 16:49:14 [INFO] 触发检查结果：无
2026-10-07 16:49:14 [INFO] 无新的风控触发（今日已提醒：无），跳过
2026-10-07 17:49:04 [INFO] BTCUSDT 实时价 83815.8
2026-10-07 17:49:06 [INFO] ETHUSDT 实时价 2600
2026-10-07 17:49:09 [INFO] BNBUSDT 实时价 770.67
2026-10-07 17:49:11 [INFO] SOLUSDT 实时价 117.78
2026-10-07 17:49:11 [INFO] 触发检查结果：无
2026-10-07 17:49:11 [INFO] 无新的风控触发（今日已提醒：无），跳过
2026-10-07 18:49:04 [INFO] BTCUSDT 实时价 83742
2026-10-07 18:49:06 [WARNING] 取实时价失败（第 1/3 次）：<urlopen error [Errno 2] No such file or directory>
2026-10-07 18:49:09 [INFO] ETHUSDT 实时价 2578.12
2026-10-07 18:49:12 [INFO] BNBUSDT 实时价 766.72
2026-10-07 18:49:15 [INFO] SOLUSDT 实时价 117.54
2026-10-07 18:49:15 [INFO] 触发检查结果：无
2026-10-07 18:49:15 [INFO] 无新的风控触发（今日已提醒：无），跳过
2026-10-07 19:49:05 [INFO] BTCUSDT 实时价 83598
2026-10-07 19:49:08 [INFO] ETHUSDT 实时价 2574.48
2026-10-07 19:49:11 [INFO] BNBUSDT 实时价 765.95
2026-10-07 19:49:13 [INFO] SOLUSDT 实时价 117.15
2026-10-07 19:49:13 [INFO] 触发检查结果：无
2026-10-07 19:49:13 [INFO] 无新的风控触发（今日已提醒：无），跳过
2026-10-07 20:49:04 [INFO] BTCUSDT 实时价 83438
2026-10-07 20:49:07 [INFO] ETHUSDT 实时价 2568.32
2026-10-07 20:49:10 [INFO] BNBUSDT 实时价 765.87
2026-10-07 20:49:13 [INFO] SOLUSDT 实时价 116.45
2026-10-07 20:49:13 [INFO] 触发检查结果：无
2026-10-07 20:49:13 [INFO] 无新的风控触发（今日已提醒：无），跳过
2026-10-07 21:49:06 [INFO] BTCUSDT 实时价 82969.9
2026-10-07 21:49:09 [INFO] ETHUSDT 实时价 2562.18
2026-10-07 21:49:12 [INFO] BNBUSDT 实时价 765.26
2026-10-07 21:49:15 [INFO] SOLUSDT 实时价 115.86
2026-10-07 21:49:15 [INFO] 触发检查结果：无
2026-10-07 21:49:15 [INFO] 无新的风控触发（今日已提醒：无），跳过
2026-10-07 22:49:05 [INFO] BTCUSDT 实时价 82964
2026-10-07 22:49:08 [INFO] ETHUSDT 实时价 2561.33
2026-10-07 22:49:12 [INFO] BNBUSDT 实时价 766.67
2026-10-07 22:49:16 [INFO] SOLUSDT 实时价 115.85
2026-10-07 22:49:16 [INFO] 触发检查结果：无
2026-10-07 22:49:16 [INFO] 无新的风控触发（今日已提醒：无），跳过
2026-10-07 23:49:04 [INFO] BTCUSDT 实时价 83336.7
2026-10-07 23:49:08 [INFO] ETHUSDT 实时价 2564.97
2026-10-07 23:49:11 [INFO] BNBUSDT 实时价 769.27
2026-10-07 23:49:16 [INFO] SOLUSDT 实时价 116.58
2026-10-07 23:49:16 [INFO] 触发检查结果：无
2026-10-07 23:49:16 [INFO] 无新的风控触发（今日已提醒：无），跳过
