2026-10-05 17:13:21 [INFO] 启动：profiles=['A', 'B', 'C'] force=False dry_run=False test=True daily=False
2026-10-05 17:13:22 [INFO] 数据就绪：999 根，最新已收盘 2026-10-04，滞后 0 天
2026-10-05 17:13:22 [INFO] 测试邮件已发送至 1247504226@qq.com
2026-10-05 17:13:24 [INFO] 启动：profiles=['A', 'B', 'C'] force=False dry_run=False test=False daily=True
2026-10-05 17:13:25 [INFO] 数据就绪：999 根，最新已收盘 2026-10-04，滞后 0 天
2026-10-05 17:13:25 [INFO] A 保守: 方向=多 净敞口=0.788 名义=7882 参数明细=[1, 1, 1, 1, 1]
2026-10-05 17:13:25 [INFO] B 推荐: 方向=多 净敞口=1.182 名义=11823 参数明细=[1, 1, 1, 1, 1]
2026-10-05 17:13:25 [INFO] C 激进: 方向=多 净敞口=1.971 名义=19705 参数明细=[1, 1, 1, 1, 1]
2026-10-05 17:13:25 [INFO] A 保守: 止损提醒位=76,242 爆仓价=58119
2026-10-05 17:13:25 [INFO] B 推荐: 止损提醒位=76,242 爆仓价=58119
2026-10-05 17:13:25 [INFO] C 激进: 止损提醒位=76,242 爆仓价=58119
2026-10-05 17:13:25 [INFO] 邮件已发送：【BTC信号·3倍合约】每日日报 · 方向未变
2026-10-05 17:13:25 [INFO] 状态已更新 -> C:\Users\hongji\Downloads\Documents\新建文件夹 (2)\历史回测3-3X探索的策略\signal_state.json
2026-10-05 20:04:25 [INFO] 启动：profiles=['A', 'B', 'C'] force=False dry_run=True test=False daily=False
2026-10-05 20:04:26 [INFO] 数据就绪：999 根，最新已收盘 2026-10-04，滞后 0 天
2026-10-05 20:04:26 [INFO] A 保守: 方向=多 净敞口=0.788 名义=788 参数明细=[1, 1, 1, 1, 1]
2026-10-05 20:04:26 [INFO] B 推荐: 方向=多 净敞口=1.182 名义=1182 参数明细=[1, 1, 1, 1, 1]
2026-10-05 20:04:26 [INFO] C 激进: 方向=多 净敞口=1.971 名义=1971 参数明细=[1, 1, 1, 1, 1]
2026-10-05 20:04:26 [INFO] A 保守: 止损提醒位=76,242 爆仓价=58119
2026-10-05 20:04:26 [INFO] B 推荐: 止损提醒位=76,242 爆仓价=58119
2026-10-05 20:04:26 [INFO] C 激进: 止损提醒位=76,242 爆仓价=58119
2026-10-05 20:04:26 [INFO] [dry-run] 变化情况：首次=[] 变化=[]
2026-10-05 20:04:56 [INFO] 启动：profiles=['A', 'B', 'C'] force=False dry_run=True test=False daily=False
2026-10-05 20:04:56 [INFO] 数据就绪：999 根，最新已收盘 2026-10-04，滞后 0 天
2026-10-05 20:04:56 [INFO] A 保守: 方向=多 净敞口=0.788 名义=788 参数明细=[1, 1, 1, 1, 1]
2026-10-05 20:04:56 [INFO] B 推荐: 方向=多 净敞口=1.182 名义=1182 参数明细=[1, 1, 1, 1, 1]
2026-10-05 20:04:56 [INFO] C 激进: 方向=多 净敞口=1.971 名义=1971 参数明细=[1, 1, 1, 1, 1]
2026-10-05 20:04:56 [INFO] A 保守: 止损提醒位=76,242 爆仓价=58119
2026-10-05 20:04:56 [INFO] B 推荐: 止损提醒位=76,242 爆仓价=58119
2026-10-05 20:04:56 [INFO] C 激进: 止损提醒位=76,242 爆仓价=58119
2026-10-05 20:04:56 [INFO] [dry-run] 变化情况：首次=[] 变化=[]
2026-10-05 20:05:16 [INFO] 启动：profiles=['A', 'B', 'C'] force=False dry_run=True test=False daily=False
2026-10-05 20:05:17 [INFO] 数据就绪：999 根，最新已收盘 2026-10-04，滞后 0 天
2026-10-05 20:05:17 [INFO] A 保守: 方向=多 净敞口=0.788 名义=788 参数明细=[1, 1, 1, 1, 1]
2026-10-05 20:05:17 [INFO] B 推荐: 方向=多 净敞口=1.182 名义=1182 参数明细=[1, 1, 1, 1, 1]
2026-10-05 20:05:17 [INFO] C 激进: 方向=多 净敞口=1.971 名义=1971 参数明细=[1, 1, 1, 1, 1]
2026-10-05 20:05:17 [INFO] A 保守: 止损提醒位=76,242 爆仓价=58119
2026-10-05 20:05:17 [INFO] B 推荐: 止损提醒位=76,242 爆仓价=58119
2026-10-05 20:05:17 [INFO] C 激进: 止损提醒位=76,242 爆仓价=58119
2026-10-05 20:05:17 [INFO] [dry-run] 变化情况：首次=[] 变化=[]
2026-10-05 20:05:42 [INFO] 启动：profiles=['A', 'B', 'C'] force=False dry_run=False test=False daily=True
2026-10-05 20:05:43 [INFO] 数据就绪：999 根，最新已收盘 2026-10-04，滞后 0 天
2026-10-05 20:05:43 [INFO] A 保守: 方向=多 净敞口=0.788 名义=788 参数明细=[1, 1, 1, 1, 1]
2026-10-05 20:05:43 [INFO] B 推荐: 方向=多 净敞口=1.182 名义=1182 参数明细=[1, 1, 1, 1, 1]
2026-10-05 20:05:43 [INFO] C 激进: 方向=多 净敞口=1.971 名义=1971 参数明细=[1, 1, 1, 1, 1]
2026-10-05 20:05:43 [INFO] A 保守: 止损提醒位=76,242 爆仓价=58119
2026-10-05 20:05:43 [INFO] B 推荐: 止损提醒位=76,242 爆仓价=58119
2026-10-05 20:05:43 [INFO] C 激进: 止损提醒位=76,242 爆仓价=58119
2026-10-05 20:05:43 [INFO] 邮件已发送：【BTC信号·3倍合约】每日日报 · 方向未变
2026-10-05 20:05:43 [INFO] 状态已更新 -> C:\Users\hongji\Downloads\Documents\新建文件夹 (2)\历史回测3-3X探索的策略\signal_state.json
2026-10-05 20:10:50 [INFO] 启动：profiles=['A', 'B', 'C'] force=False dry_run=False test=False daily=True
2026-10-05 20:10:51 [INFO] 数据就绪：999 根，最新已收盘 2026-10-04，滞后 0 天
2026-10-05 20:10:51 [INFO] A 保守: 方向=多 净敞口=0.788 名义=788 参数明细=[1, 1, 1, 1, 1]
2026-10-05 20:10:51 [INFO] B 推荐: 方向=多 净敞口=1.182 名义=1182 参数明细=[1, 1, 1, 1, 1]
2026-10-05 20:10:51 [INFO] C 激进: 方向=多 净敞口=1.971 名义=1971 参数明细=[1, 1, 1, 1, 1]
2026-10-05 20:10:51 [INFO] A 保守: 止损提醒位=76,242 爆仓价=58119
2026-10-05 20:10:51 [INFO] B 推荐: 止损提醒位=76,242 爆仓价=58119
2026-10-05 20:10:51 [INFO] C 激进: 止损提醒位=76,242 爆仓价=58119
2026-10-05 20:10:51 [INFO] 邮件已发送：【BTC信号·3倍合约】每日日报 · 方向未变
2026-10-05 20:10:51 [INFO] 状态已更新 -> C:\Users\hongji\Downloads\Documents\新建文件夹 (2)\历史回测3-3X探索的策略\signal_state.json
2026-10-05 20:10:53 [INFO] 启动：profiles=['A', 'B', 'C'] force=False dry_run=False test=True daily=False
2026-10-05 20:10:54 [INFO] 数据就绪：999 根，最新已收盘 2026-10-04，滞后 0 天
2026-10-05 20:10:54 [INFO] 测试邮件已发送至 1247504226@qq.com
2026-10-05 20:14:21 [INFO] 启动：profiles=['A', 'B', 'C'] force=False dry_run=False test=False daily=True
2026-10-05 20:14:22 [INFO] 数据就绪：999 根，最新已收盘 2026-10-04，滞后 0 天
2026-10-05 20:14:22 [INFO] A 保守: 方向=多 净敞口=0.788 名义=788 参数明细=[1, 1, 1, 1, 1]
2026-10-05 20:14:22 [INFO] B 推荐: 方向=多 净敞口=1.182 名义=1182 参数明细=[1, 1, 1, 1, 1]
2026-10-05 20:14:22 [INFO] C 激进: 方向=多 净敞口=1.971 名义=1971 参数明细=[1, 1, 1, 1, 1]
2026-10-05 20:14:22 [INFO] A 保守: 止损提醒位=76,242 爆仓价=58119
2026-10-05 20:14:22 [INFO] B 推荐: 止损提醒位=76,242 爆仓价=58119
2026-10-05 20:14:22 [INFO] C 激进: 止损提醒位=76,242 爆仓价=58119
2026-10-05 20:14:23 [INFO] 邮件已发送：【BTC信号·3倍合约】每日日报 · 方向未变
2026-10-05 20:14:23 [INFO] 状态已更新 -> C:\Users\hongji\Downloads\Documents\新建文件夹 (2)\历史回测3-3X探索的策略\signal_state.json
2026-10-05 20:14:24 [INFO] 启动：profiles=['A', 'B', 'C'] force=False dry_run=False test=True daily=False
2026-10-05 20:14:25 [INFO] 数据就绪：999 根，最新已收盘 2026-10-04，滞后 0 天
2026-10-05 20:14:25 [INFO] 测试邮件已发送至 1247504226@qq.com
2026-10-05 20:17:55 [INFO] 启动：profiles=['A', 'B', 'C'] force=False dry_run=False test=False daily=True
2026-10-05 20:17:56 [INFO] 数据就绪：999 根，最新已收盘 2026-10-04，滞后 0 天
2026-10-05 20:17:56 [INFO] A 保守: 方向=多 净敞口=0.788 名义=788 参数明细=[1, 1, 1, 1, 1]
2026-10-05 20:17:56 [INFO] B 推荐: 方向=多 净敞口=1.182 名义=1182 参数明细=[1, 1, 1, 1, 1]
2026-10-05 20:17:56 [INFO] C 激进: 方向=多 净敞口=1.971 名义=1971 参数明细=[1, 1, 1, 1, 1]
2026-10-05 20:17:56 [INFO] A 保守: 止损提醒位=76,242 爆仓价=58119
2026-10-05 20:17:56 [INFO] B 推荐: 止损提醒位=76,242 爆仓价=58119
2026-10-05 20:17:56 [INFO] C 激进: 止损提醒位=76,242 爆仓价=58119
2026-10-05 20:17:57 [INFO] 邮件已发送：【BTC信号·3倍合约】每日日报 · 方向未变
2026-10-05 20:17:57 [INFO] 状态已更新 -> C:\Users\hongji\Downloads\Documents\新建文件夹 (2)\历史回测3-3X探索的策略\signal_state.json
2026-10-05 22:42:08 [INFO] 启动：profiles=['A', 'B', 'C'] symbols=['BTCUSDT'] 模式=单标的 force=False dry_run=True test=False daily=False
2026-10-05 22:42:11 [INFO] BTCUSDT 数据就绪：999 根，最新已收盘 2026-10-04，滞后 0 天
2026-10-05 22:42:11 [INFO] BTCUSDT A 保守: 方向=多 净敞口=0.788 名义=788 参数明细=[1, 1, 1, 1, 1]
2026-10-05 22:42:11 [INFO] BTCUSDT B 推荐: 方向=多 净敞口=1.182 名义=1182 参数明细=[1, 1, 1, 1, 1]
2026-10-05 22:42:11 [INFO] BTCUSDT C 激进: 方向=多 净敞口=1.971 名义=1971 参数明细=[1, 1, 1, 1, 1]
2026-10-05 22:42:11 [INFO] BTCUSDT A 保守: 止损提醒位=76,242 爆仓价=58119
2026-10-05 22:42:11 [INFO] BTCUSDT B 推荐: 止损提醒位=76,242 爆仓价=58119
2026-10-05 22:42:11 [INFO] BTCUSDT C 激进: 止损提醒位=76,242 爆仓价=58119
2026-10-05 22:42:11 [INFO] [dry-run] 变化情况：首次=[] 变化=[]
2026-10-05 22:42:25 [INFO] 启动：profiles=['A', 'B', 'C'] symbols=['BTCUSDT'] 模式=单标的 force=False dry_run=True test=False daily=False
2026-10-05 22:42:27 [INFO] BTCUSDT 数据就绪：999 根，最新已收盘 2026-10-04，滞后 0 天
2026-10-05 22:42:27 [INFO] BTCUSDT A 保守: 方向=多 净敞口=0.788 名义=788 参数明细=[1, 1, 1, 1, 1]
2026-10-05 22:42:27 [INFO] BTCUSDT B 推荐: 方向=多 净敞口=1.182 名义=1182 参数明细=[1, 1, 1, 1, 1]
2026-10-05 22:42:27 [INFO] BTCUSDT C 激进: 方向=多 净敞口=1.971 名义=1971 参数明细=[1, 1, 1, 1, 1]
2026-10-05 22:42:27 [INFO] BTCUSDT A 保守: 止损提醒位=76,242 爆仓价=58119
2026-10-05 22:42:27 [INFO] BTCUSDT B 推荐: 止损提醒位=76,242 爆仓价=58119
2026-10-05 22:42:27 [INFO] BTCUSDT C 激进: 止损提醒位=76,242 爆仓价=58119
2026-10-05 22:42:27 [INFO] [dry-run] 变化情况：首次=[] 变化=[]
