2026-10-10 09:50:57 [INFO] 启动：profiles=['A', 'B', 'C'] symbols=['BTCUSDT', 'ETHUSDT', 'BNBUSDT', 'SOLUSDT'] 模式=多标的等权 force=False dry_run=True test=False daily=False
2026-10-10 09:50:58 [INFO] BTCUSDT 数据就绪：999 根，最新已收盘 2026-10-09，滞后 0 天
2026-10-10 09:50:58 [INFO] ETHUSDT 数据就绪：999 根，最新已收盘 2026-10-09，滞后 0 天
2026-10-10 09:50:59 [INFO] BNBUSDT 数据就绪：999 根，最新已收盘 2026-10-09，滞后 0 天
2026-10-10 09:51:00 [INFO] SOLUSDT 数据就绪：999 根，最新已收盘 2026-10-09，滞后 0 天
2026-10-10 09:51:00 [INFO] BTCUSDT A 保守: 方向=多 净敞口=0.741 名义=185 参数明细=[1, 1, 1, 1, 1]
2026-10-10 09:51:00 [INFO] BTCUSDT B 推荐: 方向=多 净敞口=1.111 名义=278 参数明细=[1, 1, 1, 1, 1]
2026-10-10 09:51:00 [INFO] BTCUSDT C 激进: 方向=多 净敞口=1.852 名义=463 参数明细=[1, 1, 1, 1, 1]
2026-10-10 09:51:00 [INFO] ETHUSDT A 保守: 方向=多 净敞口=0.331 名义=83 参数明细=[-1, 1, 1, 1, 1]
2026-10-10 09:51:00 [INFO] ETHUSDT B 推荐: 方向=多 净敞口=0.496 名义=124 参数明细=[-1, 1, 1, 1, 1]
2026-10-10 09:51:00 [INFO] ETHUSDT C 激进: 方向=多 净敞口=0.827 名义=207 参数明细=[-1, 1, 1, 1, 1]
2026-10-10 09:51:00 [INFO] BNBUSDT A 保守: 方向=多 净敞口=0.625 名义=156 参数明细=[1, 1, 1, 1, 1]
2026-10-10 09:51:00 [INFO] BNBUSDT B 推荐: 方向=多 净敞口=0.937 名义=234 参数明细=[1, 1, 1, 1, 1]
2026-10-10 09:51:00 [INFO] BNBUSDT C 激进: 方向=多 净敞口=1.562 名义=391 参数明细=[1, 1, 1, 1, 1]
2026-10-10 09:51:00 [INFO] SOLUSDT A 保守: 方向=多 净敞口=0.436 名义=109 参数明细=[1, 1, 1, 1, 1]
2026-10-10 09:51:00 [INFO] SOLUSDT B 推荐: 方向=多 净敞口=0.654 名义=163 参数明细=[1, 1, 1, 1, 1]
2026-10-10 09:51:00 [INFO] SOLUSDT C 激进: 方向=多 净敞口=1.090 名义=272 参数明细=[1, 1, 1, 1, 1]
2026-10-10 09:51:00 [INFO] BTCUSDT A 保守: 止损提醒位=76,065 爆仓价=55504 建仓价=83,663.66（2026-09-29，持有 10 天）
2026-10-10 09:51:00 [INFO] BTCUSDT B 推荐: 止损提醒位=76,065 爆仓价=55504 建仓价=83,663.66（2026-09-29，持有 10 天）
2026-10-10 09:51:00 [INFO] BTCUSDT C 激进: 止损提醒位=76,065 爆仓价=55504 建仓价=83,663.66（2026-09-29，持有 10 天）
2026-10-10 09:51:00 [INFO] ETHUSDT A 保守: 止损提醒位=2,036 爆仓价=1671 建仓价=2,487.70（2026-10-09，持有 0 天）
2026-10-10 09:51:00 [INFO] ETHUSDT B 推荐: 止损提醒位=2,036 爆仓价=1671 建仓价=2,487.70（2026-10-09，持有 0 天）
2026-10-10 09:51:00 [INFO] ETHUSDT C 激进: 止损提醒位=2,036 爆仓价=1671 建仓价=2,487.70（2026-10-09，持有 0 天）
2026-10-10 09:51:00 [INFO] BNBUSDT A 保守: 止损提醒位=691 爆仓价=499 建仓价=786.43（2026-10-05，持有 4 天）
2026-10-10 09:51:00 [INFO] BNBUSDT B 推荐: 止损提醒位=691 爆仓价=499 建仓价=786.43（2026-10-05，持有 4 天）
2026-10-10 09:51:00 [INFO] BNBUSDT C 激进: 止损提醒位=691 爆仓价=499 建仓价=786.43（2026-10-05，持有 4 天）
2026-10-10 09:51:00 [INFO] SOLUSDT A 保守: 止损提醒位=97 爆仓价=73 建仓价=120.78（2026-10-05，持有 4 天）
2026-10-10 09:51:00 [INFO] SOLUSDT B 推荐: 止损提醒位=97 爆仓价=73 建仓价=120.78（2026-10-05，持有 4 天）
2026-10-10 09:51:00 [INFO] SOLUSDT C 激进: 止损提醒位=97 爆仓价=73 建仓价=120.78（2026-10-05，持有 4 天）
2026-10-10 09:51:00 [INFO] [dry-run] 变化情况：首次=[] 变化=['ETHUSDT|A', 'ETHUSDT|B', 'ETHUSDT|C']
2026-10-10 11:10:09 [INFO] 启动：profiles=['A', 'B', 'C'] symbols=['BTCUSDT', 'ETHUSDT', 'BNBUSDT', 'SOLUSDT'] 模式=多标的等权 force=False dry_run=True test=False daily=False
2026-10-10 11:10:10 [INFO] BTCUSDT 数据就绪：999 根，最新已收盘 2026-10-09，滞后 0 天
2026-10-10 11:10:12 [INFO] ETHUSDT 数据就绪：999 根，最新已收盘 2026-10-09，滞后 0 天
2026-10-10 11:10:12 [INFO] BNBUSDT 数据就绪：999 根，最新已收盘 2026-10-09，滞后 0 天
2026-10-10 11:10:13 [INFO] SOLUSDT 数据就绪：999 根，最新已收盘 2026-10-09，滞后 0 天
2026-10-10 11:10:13 [INFO] BTCUSDT A 保守: 方向=多 净敞口=0.741 名义=185 参数明细=[1, 1, 1, 1, 1]
2026-10-10 11:10:13 [INFO] BTCUSDT B 推荐: 方向=多 净敞口=1.111 名义=278 参数明细=[1, 1, 1, 1, 1]
2026-10-10 11:10:13 [INFO] BTCUSDT C 激进: 方向=多 净敞口=1.852 名义=463 参数明细=[1, 1, 1, 1, 1]
2026-10-10 11:10:13 [INFO] ETHUSDT A 保守: 方向=多 净敞口=0.331 名义=83 参数明细=[-1, 1, 1, 1, 1]
2026-10-10 11:10:13 [INFO] ETHUSDT B 推荐: 方向=多 净敞口=0.496 名义=124 参数明细=[-1, 1, 1, 1, 1]
2026-10-10 11:10:13 [INFO] ETHUSDT C 激进: 方向=多 净敞口=0.827 名义=207 参数明细=[-1, 1, 1, 1, 1]
2026-10-10 11:10:13 [INFO] BNBUSDT A 保守: 方向=多 净敞口=0.625 名义=156 参数明细=[1, 1, 1, 1, 1]
2026-10-10 11:10:13 [INFO] BNBUSDT B 推荐: 方向=多 净敞口=0.937 名义=234 参数明细=[1, 1, 1, 1, 1]
2026-10-10 11:10:13 [INFO] BNBUSDT C 激进: 方向=多 净敞口=1.562 名义=391 参数明细=[1, 1, 1, 1, 1]
2026-10-10 11:10:13 [INFO] SOLUSDT A 保守: 方向=多 净敞口=0.436 名义=109 参数明细=[1, 1, 1, 1, 1]
2026-10-10 11:10:13 [INFO] SOLUSDT B 推荐: 方向=多 净敞口=0.654 名义=163 参数明细=[1, 1, 1, 1, 1]
2026-10-10 11:10:13 [INFO] SOLUSDT C 激进: 方向=多 净敞口=1.090 名义=272 参数明细=[1, 1, 1, 1, 1]
2026-10-10 11:10:13 [INFO] BTCUSDT A 保守: 止损提醒位=76,065 爆仓价=55504 建仓价=83,663.66（2026-09-29，持有 10 天）
2026-10-10 11:10:13 [INFO] BTCUSDT B 推荐: 止损提醒位=76,065 爆仓价=55504 建仓价=83,663.66（2026-09-29，持有 10 天）
2026-10-10 11:10:13 [INFO] BTCUSDT C 激进: 止损提醒位=76,065 爆仓价=55504 建仓价=83,663.66（2026-09-29，持有 10 天）
2026-10-10 11:10:13 [INFO] ETHUSDT A 保守: 止损提醒位=2,036 爆仓价=1671 建仓价=2,487.70（2026-10-09，持有 0 天）
2026-10-10 11:10:13 [INFO] ETHUSDT B 推荐: 止损提醒位=2,036 爆仓价=1671 建仓价=2,487.70（2026-10-09，持有 0 天）
2026-10-10 11:10:13 [INFO] ETHUSDT C 激进: 止损提醒位=2,036 爆仓价=1671 建仓价=2,487.70（2026-10-09，持有 0 天）
2026-10-10 11:10:13 [INFO] BNBUSDT A 保守: 止损提醒位=691 爆仓价=499 建仓价=786.43（2026-10-05，持有 4 天）
2026-10-10 11:10:13 [INFO] BNBUSDT B 推荐: 止损提醒位=691 爆仓价=499 建仓价=786.43（2026-10-05，持有 4 天）
2026-10-10 11:10:13 [INFO] BNBUSDT C 激进: 止损提醒位=691 爆仓价=499 建仓价=786.43（2026-10-05，持有 4 天）
2026-10-10 11:10:13 [INFO] SOLUSDT A 保守: 止损提醒位=97 爆仓价=73 建仓价=120.78（2026-10-05，持有 4 天）
2026-10-10 11:10:13 [INFO] SOLUSDT B 推荐: 止损提醒位=97 爆仓价=73 建仓价=120.78（2026-10-05，持有 4 天）
2026-10-10 11:10:13 [INFO] SOLUSDT C 激进: 止损提醒位=97 爆仓价=73 建仓价=120.78（2026-10-05，持有 4 天）
2026-10-10 11:10:13 [INFO] BTC 单跑参照：方向=多 净敞口=0.741 数量=0.008965（首次=True 方向变化=False）
2026-10-10 11:10:13 [INFO] [dry-run] 变化情况：首次=[] 变化=['ETHUSDT|A', 'ETHUSDT|B', 'ETHUSDT|C']
2026-10-10 11:10:13 [INFO] [dry-run] HTML 预览已写入 dry_run_preview.html
2026-10-10 11:10:57 [INFO] 启动：profiles=['A', 'B', 'C'] symbols=['BTCUSDT', 'ETHUSDT', 'BNBUSDT', 'SOLUSDT'] 模式=多标的等权 force=False dry_run=True test=False daily=False
2026-10-10 11:10:58 [INFO] BTCUSDT 数据就绪：999 根，最新已收盘 2026-10-09，滞后 0 天
2026-10-10 11:10:58 [INFO] ETHUSDT 数据就绪：999 根，最新已收盘 2026-10-09，滞后 0 天
2026-10-10 11:10:59 [INFO] BNBUSDT 数据就绪：999 根，最新已收盘 2026-10-09，滞后 0 天
2026-10-10 11:11:00 [INFO] SOLUSDT 数据就绪：999 根，最新已收盘 2026-10-09，滞后 0 天
2026-10-10 11:11:00 [INFO] BTCUSDT A 保守: 方向=多 净敞口=0.741 名义=185 参数明细=[1, 1, 1, 1, 1]
2026-10-10 11:11:00 [INFO] BTCUSDT B 推荐: 方向=多 净敞口=1.111 名义=278 参数明细=[1, 1, 1, 1, 1]
2026-10-10 11:11:00 [INFO] BTCUSDT C 激进: 方向=多 净敞口=1.852 名义=463 参数明细=[1, 1, 1, 1, 1]
2026-10-10 11:11:00 [INFO] ETHUSDT A 保守: 方向=多 净敞口=0.331 名义=83 参数明细=[-1, 1, 1, 1, 1]
2026-10-10 11:11:00 [INFO] ETHUSDT B 推荐: 方向=多 净敞口=0.496 名义=124 参数明细=[-1, 1, 1, 1, 1]
2026-10-10 11:11:00 [INFO] ETHUSDT C 激进: 方向=多 净敞口=0.827 名义=207 参数明细=[-1, 1, 1, 1, 1]
2026-10-10 11:11:00 [INFO] BNBUSDT A 保守: 方向=多 净敞口=0.625 名义=156 参数明细=[1, 1, 1, 1, 1]
2026-10-10 11:11:00 [INFO] BNBUSDT B 推荐: 方向=多 净敞口=0.937 名义=234 参数明细=[1, 1, 1, 1, 1]
2026-10-10 11:11:00 [INFO] BNBUSDT C 激进: 方向=多 净敞口=1.562 名义=391 参数明细=[1, 1, 1, 1, 1]
2026-10-10 11:11:00 [INFO] SOLUSDT A 保守: 方向=多 净敞口=0.436 名义=109 参数明细=[1, 1, 1, 1, 1]
2026-10-10 11:11:00 [INFO] SOLUSDT B 推荐: 方向=多 净敞口=0.654 名义=163 参数明细=[1, 1, 1, 1, 1]
2026-10-10 11:11:00 [INFO] SOLUSDT C 激进: 方向=多 净敞口=1.090 名义=272 参数明细=[1, 1, 1, 1, 1]
2026-10-10 11:11:00 [INFO] BTCUSDT A 保守: 止损提醒位=76,065 爆仓价=55504 建仓价=83,663.66（2026-09-29，持有 10 天）
2026-10-10 11:11:00 [INFO] BTCUSDT B 推荐: 止损提醒位=76,065 爆仓价=55504 建仓价=83,663.66（2026-09-29，持有 10 天）
2026-10-10 11:11:00 [INFO] BTCUSDT C 激进: 止损提醒位=76,065 爆仓价=55504 建仓价=83,663.66（2026-09-29，持有 10 天）
2026-10-10 11:11:00 [INFO] ETHUSDT A 保守: 止损提醒位=2,036 爆仓价=1671 建仓价=2,487.70（2026-10-09，持有 0 天）
2026-10-10 11:11:00 [INFO] ETHUSDT B 推荐: 止损提醒位=2,036 爆仓价=1671 建仓价=2,487.70（2026-10-09，持有 0 天）
2026-10-10 11:11:00 [INFO] ETHUSDT C 激进: 止损提醒位=2,036 爆仓价=1671 建仓价=2,487.70（2026-10-09，持有 0 天）
2026-10-10 11:11:00 [INFO] BNBUSDT A 保守: 止损提醒位=691 爆仓价=499 建仓价=786.43（2026-10-05，持有 4 天）
2026-10-10 11:11:00 [INFO] BNBUSDT B 推荐: 止损提醒位=691 爆仓价=499 建仓价=786.43（2026-10-05，持有 4 天）
2026-10-10 11:11:00 [INFO] BNBUSDT C 激进: 止损提醒位=691 爆仓价=499 建仓价=786.43（2026-10-05，持有 4 天）
2026-10-10 11:11:00 [INFO] SOLUSDT A 保守: 止损提醒位=97 爆仓价=73 建仓价=120.78（2026-10-05，持有 4 天）
2026-10-10 11:11:00 [INFO] SOLUSDT B 推荐: 止损提醒位=97 爆仓价=73 建仓价=120.78（2026-10-05，持有 4 天）
2026-10-10 11:11:00 [INFO] SOLUSDT C 激进: 止损提醒位=97 爆仓价=73 建仓价=120.78（2026-10-05，持有 4 天）
2026-10-10 11:11:00 [INFO] BTC 单跑参照：方向=多 净敞口=0.741 数量=0.008965（首次=True 方向变化=False）
2026-10-10 11:11:00 [INFO] [dry-run] 变化情况：首次=[] 变化=['ETHUSDT|A', 'ETHUSDT|B', 'ETHUSDT|C']
2026-10-10 11:11:00 [INFO] [dry-run] HTML 预览已写入 dry_run_preview.html
2026-10-10 11:28:50 [INFO] 启动：profiles=['A', 'B', 'C'] symbols=['BTCUSDT', 'ETHUSDT', 'BNBUSDT', 'SOLUSDT'] 模式=多标的等权 force=False dry_run=True test=False daily=False
2026-10-10 11:28:51 [INFO] BTCUSDT 数据就绪：999 根，最新已收盘 2026-10-09，滞后 0 天
2026-10-10 11:28:52 [INFO] ETHUSDT 数据就绪：999 根，最新已收盘 2026-10-09，滞后 0 天
2026-10-10 11:28:52 [INFO] BNBUSDT 数据就绪：999 根，最新已收盘 2026-10-09，滞后 0 天
2026-10-10 11:28:53 [INFO] SOLUSDT 数据就绪：999 根，最新已收盘 2026-10-09，滞后 0 天
2026-10-10 11:28:53 [INFO] BTCUSDT A 保守: 方向=多 净敞口=0.741 名义=185 参数明细=[1, 1, 1, 1, 1]
2026-10-10 11:28:53 [INFO] BTCUSDT B 推荐: 方向=多 净敞口=1.111 名义=278 参数明细=[1, 1, 1, 1, 1]
2026-10-10 11:28:53 [INFO] BTCUSDT C 激进: 方向=多 净敞口=1.852 名义=463 参数明细=[1, 1, 1, 1, 1]
2026-10-10 11:28:53 [INFO] ETHUSDT A 保守: 方向=多 净敞口=0.331 名义=83 参数明细=[-1, 1, 1, 1, 1]
2026-10-10 11:28:53 [INFO] ETHUSDT B 推荐: 方向=多 净敞口=0.496 名义=124 参数明细=[-1, 1, 1, 1, 1]
2026-10-10 11:28:53 [INFO] ETHUSDT C 激进: 方向=多 净敞口=0.827 名义=207 参数明细=[-1, 1, 1, 1, 1]
2026-10-10 11:28:53 [INFO] BNBUSDT A 保守: 方向=多 净敞口=0.625 名义=156 参数明细=[1, 1, 1, 1, 1]
2026-10-10 11:28:53 [INFO] BNBUSDT B 推荐: 方向=多 净敞口=0.937 名义=234 参数明细=[1, 1, 1, 1, 1]
2026-10-10 11:28:53 [INFO] BNBUSDT C 激进: 方向=多 净敞口=1.562 名义=391 参数明细=[1, 1, 1, 1, 1]
2026-10-10 11:28:53 [INFO] SOLUSDT A 保守: 方向=多 净敞口=0.436 名义=109 参数明细=[1, 1, 1, 1, 1]
2026-10-10 11:28:53 [INFO] SOLUSDT B 推荐: 方向=多 净敞口=0.654 名义=163 参数明细=[1, 1, 1, 1, 1]
2026-10-10 11:28:53 [INFO] SOLUSDT C 激进: 方向=多 净敞口=1.090 名义=272 参数明细=[1, 1, 1, 1, 1]
2026-10-10 11:28:53 [INFO] BTCUSDT A 保守: 止损提醒位=76,065 爆仓价=55504 建仓价=83,663.66（2026-09-29，持有 10 天）
2026-10-10 11:28:53 [INFO] BTCUSDT B 推荐: 止损提醒位=76,065 爆仓价=55504 建仓价=83,663.66（2026-09-29，持有 10 天）
2026-10-10 11:28:53 [INFO] BTCUSDT C 激进: 止损提醒位=76,065 爆仓价=55504 建仓价=83,663.66（2026-09-29，持有 10 天）
2026-10-10 11:28:53 [INFO] ETHUSDT A 保守: 止损提醒位=2,036 爆仓价=1671 建仓价=2,487.70（2026-10-09，持有 0 天）
2026-10-10 11:28:53 [INFO] ETHUSDT B 推荐: 止损提醒位=2,036 爆仓价=1671 建仓价=2,487.70（2026-10-09，持有 0 天）
2026-10-10 11:28:53 [INFO] ETHUSDT C 激进: 止损提醒位=2,036 爆仓价=1671 建仓价=2,487.70（2026-10-09，持有 0 天）
2026-10-10 11:28:53 [INFO] BNBUSDT A 保守: 止损提醒位=691 爆仓价=499 建仓价=786.43（2026-10-05，持有 4 天）
2026-10-10 11:28:53 [INFO] BNBUSDT B 推荐: 止损提醒位=691 爆仓价=499 建仓价=786.43（2026-10-05，持有 4 天）
2026-10-10 11:28:53 [INFO] BNBUSDT C 激进: 止损提醒位=691 爆仓价=499 建仓价=786.43（2026-10-05，持有 4 天）
2026-10-10 11:28:53 [INFO] SOLUSDT A 保守: 止损提醒位=97 爆仓价=73 建仓价=120.78（2026-10-05，持有 4 天）
2026-10-10 11:28:53 [INFO] SOLUSDT B 推荐: 止损提醒位=97 爆仓价=73 建仓价=120.78（2026-10-05，持有 4 天）
2026-10-10 11:28:53 [INFO] SOLUSDT C 激进: 止损提醒位=97 爆仓价=73 建仓价=120.78（2026-10-05，持有 4 天）
2026-10-10 11:28:53 [INFO] BTC 单跑参照：方向=多 净敞口=0.741 数量=0.008965（首次=True 方向变化=False）
2026-10-10 11:28:53 [INFO] [dry-run] 变化情况：首次=[] 变化=['ETHUSDT|A', 'ETHUSDT|B', 'ETHUSDT|C']
2026-10-10 11:28:53 [INFO] [dry-run] HTML 预览已写入 信号邮件预览.html（双击即可查看）
