2026-10-09 08:05:00 [INFO] 启动：profiles=['A', 'B', 'C'] symbols=['BTCUSDT', 'ETHUSDT', 'BNBUSDT', 'SOLUSDT'] 模式=多标的等权 force=False dry_run=False test=False daily=True
2026-10-09 08:05:02 [INFO] BTCUSDT 数据就绪：999 根，最新已收盘 2026-10-08，滞后 0 天
2026-10-09 08:05:03 [INFO] ETHUSDT 数据就绪：999 根，最新已收盘 2026-10-08，滞后 0 天
2026-10-09 08:05:03 [INFO] BNBUSDT 数据就绪：999 根，最新已收盘 2026-10-08，滞后 0 天
2026-10-09 08:05:04 [INFO] SOLUSDT 数据就绪：999 根，最新已收盘 2026-10-08，滞后 0 天
2026-10-09 08:05:04 [INFO] BTCUSDT A 保守: 方向=多 净敞口=0.725 名义=181 参数明细=[1, 1, 1, 1, 1]
2026-10-09 08:05:04 [INFO] BTCUSDT B 推荐: 方向=多 净敞口=1.088 名义=272 参数明细=[1, 1, 1, 1, 1]
2026-10-09 08:05:04 [INFO] BTCUSDT C 激进: 方向=多 净敞口=1.813 名义=453 参数明细=[1, 1, 1, 1, 1]
2026-10-09 08:05:04 [INFO] ETHUSDT A 保守: 方向=多 净敞口=0.530 名义=132 参数明细=[1, 1, 1, 1, 1]
2026-10-09 08:05:04 [INFO] ETHUSDT B 推荐: 方向=多 净敞口=0.795 名义=199 参数明细=[1, 1, 1, 1, 1]
2026-10-09 08:05:04 [INFO] ETHUSDT C 激进: 方向=多 净敞口=1.325 名义=331 参数明细=[1, 1, 1, 1, 1]
2026-10-09 08:05:04 [INFO] BNBUSDT A 保守: 方向=多 净敞口=0.598 名义=150 参数明细=[1, 1, 1, 1, 1]
2026-10-09 08:05:04 [INFO] BNBUSDT B 推荐: 方向=多 净敞口=0.897 名义=224 参数明细=[1, 1, 1, 1, 1]
2026-10-09 08:05:04 [INFO] BNBUSDT C 激进: 方向=多 净敞口=1.495 名义=374 参数明细=[1, 1, 1, 1, 1]
2026-10-09 08:05:04 [INFO] SOLUSDT A 保守: 方向=多 净敞口=0.429 名义=107 参数明细=[1, 1, 1, 1, 1]
2026-10-09 08:05:04 [INFO] SOLUSDT B 推荐: 方向=多 净敞口=0.643 名义=161 参数明细=[1, 1, 1, 1, 1]
2026-10-09 08:05:04 [INFO] SOLUSDT C 激进: 方向=多 净敞口=1.072 名义=268 参数明细=[1, 1, 1, 1, 1]
2026-10-09 08:05:04 [INFO] BTCUSDT A 保守: 止损提醒位=75,948 爆仓价=54912 建仓价=83,663.66（2026-09-29，持有 9 天）
2026-10-09 08:05:04 [INFO] BTCUSDT B 推荐: 止损提醒位=75,948 爆仓价=54912 建仓价=83,663.66（2026-09-29，持有 9 天）
2026-10-09 08:05:04 [INFO] BTCUSDT C 激进: 止损提醒位=75,948 爆仓价=54912 建仓价=83,663.66（2026-09-29，持有 9 天）
2026-10-09 08:05:04 [INFO] ETHUSDT A 保守: 止损提醒位=2,271 爆仓价=1662 建仓价=2,709.98（2026-10-05，持有 3 天）
2026-10-09 08:05:04 [INFO] ETHUSDT B 推荐: 止损提醒位=2,271 爆仓价=1662 建仓价=2,709.98（2026-10-05，持有 3 天）
2026-10-09 08:05:04 [INFO] ETHUSDT C 激进: 止损提醒位=2,271 爆仓价=1662 建仓价=2,709.98（2026-10-05，持有 3 天）
2026-10-09 08:05:04 [INFO] BNBUSDT A 保守: 止损提醒位=687 爆仓价=494 建仓价=786.43（2026-10-05，持有 3 天）
2026-10-09 08:05:04 [INFO] BNBUSDT B 推荐: 止损提醒位=687 爆仓价=494 建仓价=786.43（2026-10-05，持有 3 天）
2026-10-09 08:05:04 [INFO] BNBUSDT C 激进: 止损提醒位=687 爆仓价=494 建仓价=786.43（2026-10-05，持有 3 天）
2026-10-09 08:05:04 [INFO] SOLUSDT A 保守: 止损提醒位=97 爆仓价=74 建仓价=120.78（2026-10-05，持有 3 天）
2026-10-09 08:05:04 [INFO] SOLUSDT B 推荐: 止损提醒位=97 爆仓价=74 建仓价=120.78（2026-10-05，持有 3 天）
2026-10-09 08:05:04 [INFO] SOLUSDT C 激进: 止损提醒位=97 爆仓价=74 建仓价=120.78（2026-10-05，持有 3 天）
2026-10-09 08:05:05 [INFO] 邮件已发送：【BTC/ETH/BNB/SOL信号·3倍合约】每日日报 · 方向未变
2026-10-09 08:05:05 [INFO] 状态已更新 -> C:\git\main_bian_test\case\历史回测3-3X探索的策略\signal_state.json
