2026-10-06 22:09:31 [INFO] 启动：profiles=['A', 'B', 'C'] symbols=['BTCUSDT', 'ETHUSDT', 'BNBUSDT', 'SOLUSDT'] 模式=多标的等权 force=False dry_run=True test=False daily=False
2026-10-06 22:09:37 [INFO] BTCUSDT 数据就绪：999 根，最新已收盘 2026-10-05，滞后 0 天
2026-10-06 22:09:39 [INFO] ETHUSDT 数据就绪：999 根，最新已收盘 2026-10-05，滞后 0 天
2026-10-06 22:09:41 [INFO] BNBUSDT 数据就绪：999 根，最新已收盘 2026-10-05，滞后 0 天
2026-10-06 22:09:44 [INFO] SOLUSDT 数据就绪：999 根，最新已收盘 2026-10-05，滞后 0 天
2026-10-06 22:09:44 [INFO] BTCUSDT A 保守: 方向=多 净敞口=0.786 名义=196 参数明细=[1, 1, 1, 1, 1]
2026-10-06 22:09:44 [INFO] BTCUSDT B 推荐: 方向=多 净敞口=1.178 名义=295 参数明细=[1, 1, 1, 1, 1]
2026-10-06 22:09:44 [INFO] BTCUSDT C 激进: 方向=多 净敞口=1.964 名义=491 参数明细=[1, 1, 1, 1, 1]
2026-10-06 22:09:44 [INFO] ETHUSDT A 保守: 方向=多 净敞口=0.646 名义=161 参数明细=[1, 1, 1, 1, 1]
2026-10-06 22:09:44 [INFO] ETHUSDT B 推荐: 方向=多 净敞口=0.969 名义=242 参数明细=[1, 1, 1, 1, 1]
2026-10-06 22:09:44 [INFO] ETHUSDT C 激进: 方向=多 净敞口=1.615 名义=404 参数明细=[1, 1, 1, 1, 1]
2026-10-06 22:09:44 [INFO] BNBUSDT A 保守: 方向=多 净敞口=0.685 名义=171 参数明细=[1, 1, 1, 1, 1]
2026-10-06 22:09:44 [INFO] BNBUSDT B 推荐: 方向=多 净敞口=1.028 名义=257 参数明细=[1, 1, 1, 1, 1]
2026-10-06 22:09:44 [INFO] BNBUSDT C 激进: 方向=多 净敞口=1.714 名义=428 参数明细=[1, 1, 1, 1, 1]
2026-10-06 22:09:44 [INFO] SOLUSDT A 保守: 方向=多 净敞口=0.513 名义=128 参数明细=[1, 1, 1, 1, 1]
2026-10-06 22:09:44 [INFO] SOLUSDT B 推荐: 方向=多 净敞口=0.770 名义=193 参数明细=[1, 1, 1, 1, 1]
2026-10-06 22:09:44 [INFO] SOLUSDT C 激进: 方向=多 净敞口=1.283 名义=321 参数明细=[1, 1, 1, 1, 1]
2026-10-06 22:09:44 [INFO] 状态迁移：把旧单标的记录 3 条迁到 BTCUSDT 名下（保住建仓价）
2026-10-06 22:09:44 [INFO] BTCUSDT A 保守: 止损提醒位=76,302 爆仓价=57607 建仓价=83,663.66（2026-09-29，持有 6 天）
2026-10-06 22:09:44 [INFO] BTCUSDT B 推荐: 止损提醒位=76,302 爆仓价=57607 建仓价=83,663.66（2026-09-29，持有 6 天）
2026-10-06 22:09:44 [INFO] BTCUSDT C 激进: 止损提醒位=76,302 爆仓价=57607 建仓价=83,663.66（2026-09-29，持有 6 天）
2026-10-06 22:09:44 [INFO] ETHUSDT A 保守: 止损提醒位=2,290 爆仓价=1820 建仓价=2,709.98（2026-10-05，持有 0 天）
2026-10-06 22:09:44 [INFO] ETHUSDT B 推荐: 止损提醒位=2,290 爆仓价=1820 建仓价=2,709.98（2026-10-05，持有 0 天）
2026-10-06 22:09:44 [INFO] ETHUSDT C 激进: 止损提醒位=2,290 爆仓价=1820 建仓价=2,709.98（2026-10-05，持有 0 天）
2026-10-06 22:09:44 [INFO] BNBUSDT A 保守: 止损提醒位=672 爆仓价=528 建仓价=786.43（2026-10-05，持有 0 天）
2026-10-06 22:09:44 [INFO] BNBUSDT B 推荐: 止损提醒位=672 爆仓价=528 建仓价=786.43（2026-10-05，持有 0 天）
2026-10-06 22:09:44 [INFO] BNBUSDT C 激进: 止损提醒位=672 爆仓价=528 建仓价=786.43（2026-10-05，持有 0 天）
2026-10-06 22:09:44 [INFO] SOLUSDT A 保守: 止损提醒位=97 爆仓价=81 建仓价=120.78（2026-10-05，持有 0 天）
2026-10-06 22:09:44 [INFO] SOLUSDT B 推荐: 止损提醒位=97 爆仓价=81 建仓价=120.78（2026-10-05，持有 0 天）
2026-10-06 22:09:44 [INFO] SOLUSDT C 激进: 止损提醒位=97 爆仓价=81 建仓价=120.78（2026-10-05，持有 0 天）
2026-10-06 22:09:44 [INFO] [dry-run] 变化情况：首次=['ETHUSDT|A', 'ETHUSDT|B', 'ETHUSDT|C', 'BNBUSDT|A', 'BNBUSDT|B', 'BNBUSDT|C', 'SOLUSDT|A', 'SOLUSDT|B', 'SOLUSDT|C'] 变化=[]
2026-10-06 22:21:13 [INFO] 启动：profiles=['A', 'B', 'C'] symbols=['BTCUSDT', 'ETHUSDT', 'BNBUSDT', 'SOLUSDT'] 模式=多标的等权 force=False dry_run=True test=False daily=False
2026-10-06 22:21:15 [INFO] BTCUSDT 数据就绪：999 根，最新已收盘 2026-10-05，滞后 0 天
2026-10-06 22:21:18 [INFO] ETHUSDT 数据就绪：999 根，最新已收盘 2026-10-05，滞后 0 天
2026-10-06 22:21:22 [INFO] BNBUSDT 数据就绪：999 根，最新已收盘 2026-10-05，滞后 0 天
2026-10-06 22:21:29 [INFO] SOLUSDT 数据就绪：999 根，最新已收盘 2026-10-05，滞后 0 天
2026-10-06 22:21:29 [INFO] BTCUSDT A 保守: 方向=多 净敞口=0.786 名义=196 参数明细=[1, 1, 1, 1, 1]
2026-10-06 22:21:29 [INFO] BTCUSDT B 推荐: 方向=多 净敞口=1.178 名义=295 参数明细=[1, 1, 1, 1, 1]
2026-10-06 22:21:29 [INFO] BTCUSDT C 激进: 方向=多 净敞口=1.964 名义=491 参数明细=[1, 1, 1, 1, 1]
2026-10-06 22:21:29 [INFO] ETHUSDT A 保守: 方向=多 净敞口=0.646 名义=161 参数明细=[1, 1, 1, 1, 1]
2026-10-06 22:21:29 [INFO] ETHUSDT B 推荐: 方向=多 净敞口=0.969 名义=242 参数明细=[1, 1, 1, 1, 1]
2026-10-06 22:21:29 [INFO] ETHUSDT C 激进: 方向=多 净敞口=1.615 名义=404 参数明细=[1, 1, 1, 1, 1]
2026-10-06 22:21:29 [INFO] BNBUSDT A 保守: 方向=多 净敞口=0.685 名义=171 参数明细=[1, 1, 1, 1, 1]
2026-10-06 22:21:29 [INFO] BNBUSDT B 推荐: 方向=多 净敞口=1.028 名义=257 参数明细=[1, 1, 1, 1, 1]
2026-10-06 22:21:29 [INFO] BNBUSDT C 激进: 方向=多 净敞口=1.714 名义=428 参数明细=[1, 1, 1, 1, 1]
2026-10-06 22:21:29 [INFO] SOLUSDT A 保守: 方向=多 净敞口=0.513 名义=128 参数明细=[1, 1, 1, 1, 1]
2026-10-06 22:21:29 [INFO] SOLUSDT B 推荐: 方向=多 净敞口=0.770 名义=193 参数明细=[1, 1, 1, 1, 1]
2026-10-06 22:21:29 [INFO] SOLUSDT C 激进: 方向=多 净敞口=1.283 名义=321 参数明细=[1, 1, 1, 1, 1]
2026-10-06 22:21:30 [INFO] BTCUSDT A 保守: 止损提醒位=76,302 爆仓价=57607 建仓价=83,663.66（2026-09-29，持有 6 天）
2026-10-06 22:21:30 [INFO] BTCUSDT B 推荐: 止损提醒位=76,302 爆仓价=57607 建仓价=83,663.66（2026-09-29，持有 6 天）
2026-10-06 22:21:30 [INFO] BTCUSDT C 激进: 止损提醒位=76,302 爆仓价=57607 建仓价=83,663.66（2026-09-29，持有 6 天）
2026-10-06 22:21:30 [INFO] ETHUSDT A 保守: 止损提醒位=2,318 爆仓价=1820 建仓价=2,709.98（2026-10-05，持有 0 天）
2026-10-06 22:21:30 [INFO] ETHUSDT B 推荐: 止损提醒位=2,318 爆仓价=1820 建仓价=2,709.98（2026-10-05，持有 0 天）
2026-10-06 22:21:30 [INFO] ETHUSDT C 激进: 止损提醒位=2,318 爆仓价=1820 建仓价=2,709.98（2026-10-05，持有 0 天）
2026-10-06 22:21:30 [INFO] BNBUSDT A 保守: 止损提醒位=695 爆仓价=528 建仓价=786.43（2026-10-05，持有 0 天）
2026-10-06 22:21:30 [INFO] BNBUSDT B 推荐: 止损提醒位=695 爆仓价=528 建仓价=786.43（2026-10-05，持有 0 天）
2026-10-06 22:21:30 [INFO] BNBUSDT C 激进: 止损提醒位=695 爆仓价=528 建仓价=786.43（2026-10-05，持有 0 天）
2026-10-06 22:21:30 [INFO] SOLUSDT A 保守: 止损提醒位=99 爆仓价=81 建仓价=120.78（2026-10-05，持有 0 天）
2026-10-06 22:21:30 [INFO] SOLUSDT B 推荐: 止损提醒位=99 爆仓价=81 建仓价=120.78（2026-10-05，持有 0 天）
2026-10-06 22:21:30 [INFO] SOLUSDT C 激进: 止损提醒位=99 爆仓价=81 建仓价=120.78（2026-10-05，持有 0 天）
2026-10-06 22:21:30 [INFO] [dry-run] 变化情况：首次=[] 变化=[]
