2026-10-07 08:05:01 [INFO] 启动：profiles=['A', 'B', 'C'] symbols=['BTCUSDT', 'ETHUSDT', 'BNBUSDT', 'SOLUSDT'] 模式=多标的等权 force=False dry_run=False test=False daily=True
2026-10-07 08:05:07 [INFO] BTCUSDT 数据就绪：999 根，最新已收盘 2026-10-06，滞后 0 天
2026-10-07 08:05:09 [INFO] ETHUSDT 数据就绪：999 根，最新已收盘 2026-10-06，滞后 0 天
2026-10-07 08:05:10 [INFO] BNBUSDT 数据就绪：999 根，最新已收盘 2026-10-06，滞后 0 天
2026-10-07 08:05:11 [INFO] SOLUSDT 数据就绪：999 根，最新已收盘 2026-10-06，滞后 0 天
2026-10-07 08:05:11 [INFO] BTCUSDT A 保守: 方向=多 净敞口=0.800 名义=200 参数明细=[1, 1, 1, 1, 1]
2026-10-07 08:05:11 [INFO] BTCUSDT B 推荐: 方向=多 净敞口=1.200 名义=300 参数明细=[1, 1, 1, 1, 1]
2026-10-07 08:05:11 [INFO] BTCUSDT C 激进: 方向=多 净敞口=2.000 名义=500 参数明细=[1, 1, 1, 1, 1]
2026-10-07 08:05:11 [INFO] ETHUSDT A 保守: 方向=多 净敞口=0.667 名义=167 参数明细=[1, 1, 1, 1, 1]
2026-10-07 08:05:11 [INFO] ETHUSDT B 推荐: 方向=多 净敞口=1.001 名义=250 参数明细=[1, 1, 1, 1, 1]
2026-10-07 08:05:11 [INFO] ETHUSDT C 激进: 方向=多 净敞口=1.668 名义=417 参数明细=[1, 1, 1, 1, 1]
2026-10-07 08:05:11 [INFO] BNBUSDT A 保守: 方向=多 净敞口=0.708 名义=177 参数明细=[1, 1, 1, 1, 1]
2026-10-07 08:05:11 [INFO] BNBUSDT B 推荐: 方向=多 净敞口=1.062 名义=265 参数明细=[1, 1, 1, 1, 1]
2026-10-07 08:05:11 [INFO] BNBUSDT C 激进: 方向=多 净敞口=1.770 名义=442 参数明细=[1, 1, 1, 1, 1]
2026-10-07 08:05:11 [INFO] SOLUSDT A 保守: 方向=多 净敞口=0.526 名义=131 参数明细=[1, 1, 1, 1, 1]
2026-10-07 08:05:11 [INFO] SOLUSDT B 推荐: 方向=多 净敞口=0.789 名义=197 参数明细=[1, 1, 1, 1, 1]
2026-10-07 08:05:11 [INFO] SOLUSDT C 激进: 方向=多 净敞口=1.314 名义=329 参数明细=[1, 1, 1, 1, 1]
2026-10-07 08:05:11 [INFO] BTCUSDT A 保守: 止损提醒位=76,524 爆仓价=57461 建仓价=83,663.66（2026-09-29，持有 7 天）
2026-10-07 08:05:11 [INFO] BTCUSDT B 推荐: 止损提醒位=76,524 爆仓价=57461 建仓价=83,663.66（2026-09-29，持有 7 天）
2026-10-07 08:05:11 [INFO] BTCUSDT C 激进: 止损提醒位=76,524 爆仓价=57461 建仓价=83,663.66（2026-09-29，持有 7 天）
2026-10-07 08:05:11 [INFO] ETHUSDT A 保守: 止损提醒位=2,334 爆仓价=1812 建仓价=2,709.98（2026-10-05，持有 1 天）
2026-10-07 08:05:11 [INFO] ETHUSDT B 推荐: 止损提醒位=2,334 爆仓价=1812 建仓价=2,709.98（2026-10-05，持有 1 天）
2026-10-07 08:05:11 [INFO] ETHUSDT C 激进: 止损提醒位=2,334 爆仓价=1812 建仓价=2,709.98（2026-10-05，持有 1 天）
2026-10-07 08:05:11 [INFO] BNBUSDT A 保守: 止损提醒位=700 爆仓价=524 建仓价=786.43（2026-10-05，持有 1 天）
2026-10-07 08:05:11 [INFO] BNBUSDT B 推荐: 止损提醒位=700 爆仓价=524 建仓价=786.43（2026-10-05，持有 1 天）
2026-10-07 08:05:11 [INFO] BNBUSDT C 激进: 止损提醒位=700 爆仓价=524 建仓价=786.43（2026-10-05，持有 1 天）
2026-10-07 08:05:11 [INFO] SOLUSDT A 保守: 止损提醒位=99 爆仓价=81 建仓价=120.78（2026-10-05，持有 1 天）
2026-10-07 08:05:11 [INFO] SOLUSDT B 推荐: 止损提醒位=99 爆仓价=81 建仓价=120.78（2026-10-05，持有 1 天）
2026-10-07 08:05:11 [INFO] SOLUSDT C 激进: 止损提醒位=99 爆仓价=81 建仓价=120.78（2026-10-05，持有 1 天）
2026-10-07 08:05:12 [INFO] 邮件已发送：【BTC/ETH/BNB/SOL信号·3倍合约】每日日报 · 方向未变
2026-10-07 08:05:12 [INFO] 状态已更新 -> C:\git\main_bian_test\case\历史回测3-3X探索的策略\signal_state.json
