2026-10-08 08:05:01 [INFO] 启动：profiles=['A', 'B', 'C'] symbols=['BTCUSDT', 'ETHUSDT', 'BNBUSDT', 'SOLUSDT'] 模式=多标的等权 force=False dry_run=False test=False daily=True
2026-10-08 08:05:04 [INFO] BTCUSDT 数据就绪：999 根，最新已收盘 2026-10-07，滞后 0 天
2026-10-08 08:05:05 [INFO] ETHUSDT 数据就绪：999 根，最新已收盘 2026-10-07，滞后 0 天
2026-10-08 08:05:07 [INFO] BNBUSDT 数据就绪：999 根，最新已收盘 2026-10-07，滞后 0 天
2026-10-08 08:05:08 [INFO] SOLUSDT 数据就绪：999 根，最新已收盘 2026-10-07，滞后 0 天
2026-10-08 08:05:08 [INFO] BTCUSDT A 保守: 方向=多 净敞口=0.762 名义=190 参数明细=[1, 1, 1, 1, 1]
2026-10-08 08:05:08 [INFO] BTCUSDT B 推荐: 方向=多 净敞口=1.143 名义=286 参数明细=[1, 1, 1, 1, 1]
2026-10-08 08:05:08 [INFO] BTCUSDT C 激进: 方向=多 净敞口=1.905 名义=476 参数明细=[1, 1, 1, 1, 1]
2026-10-08 08:05:08 [INFO] ETHUSDT A 保守: 方向=多 净敞口=0.594 名义=149 参数明细=[1, 1, 1, 1, 1]
2026-10-08 08:05:08 [INFO] ETHUSDT B 推荐: 方向=多 净敞口=0.891 名义=223 参数明细=[1, 1, 1, 1, 1]
2026-10-08 08:05:08 [INFO] ETHUSDT C 激进: 方向=多 净敞口=1.486 名义=371 参数明细=[1, 1, 1, 1, 1]
2026-10-08 08:05:08 [INFO] BNBUSDT A 保守: 方向=多 净敞口=0.704 名义=176 参数明细=[1, 1, 1, 1, 1]
2026-10-08 08:05:08 [INFO] BNBUSDT B 推荐: 方向=多 净敞口=1.056 名义=264 参数明细=[1, 1, 1, 1, 1]
2026-10-08 08:05:08 [INFO] BNBUSDT C 激进: 方向=多 净敞口=1.759 名义=440 参数明细=[1, 1, 1, 1, 1]
2026-10-08 08:05:08 [INFO] SOLUSDT A 保守: 方向=多 净敞口=0.500 名义=125 参数明细=[1, 1, 1, 1, 1]
2026-10-08 08:05:08 [INFO] SOLUSDT B 推荐: 方向=多 净敞口=0.750 名义=187 参数明细=[1, 1, 1, 1, 1]
2026-10-08 08:05:08 [INFO] SOLUSDT C 激进: 方向=多 净敞口=1.250 名义=312 参数明细=[1, 1, 1, 1, 1]
2026-10-08 08:05:08 [INFO] BTCUSDT A 保守: 止损提醒位=76,284 爆仓价=55964 建仓价=83,663.66（2026-09-29，持有 8 天）
2026-10-08 08:05:08 [INFO] BTCUSDT B 推荐: 止损提醒位=76,284 爆仓价=55964 建仓价=83,663.66（2026-09-29，持有 8 天）
2026-10-08 08:05:08 [INFO] BTCUSDT C 激进: 止损提醒位=76,284 爆仓价=55964 建仓价=83,663.66（2026-09-29，持有 8 天）
2026-10-08 08:05:08 [INFO] ETHUSDT A 保守: 止损提醒位=2,305 爆仓价=1729 建仓价=2,709.98（2026-10-05，持有 2 天）
2026-10-08 08:05:08 [INFO] ETHUSDT B 推荐: 止损提醒位=2,305 爆仓价=1729 建仓价=2,709.98（2026-10-05，持有 2 天）
2026-10-08 08:05:08 [INFO] ETHUSDT C 激进: 止损提醒位=2,305 爆仓价=1729 建仓价=2,709.98（2026-10-05，持有 2 天）
2026-10-08 08:05:08 [INFO] BNBUSDT A 保守: 止损提醒位=700 爆仓价=519 建仓价=786.43（2026-10-05，持有 2 天）
2026-10-08 08:05:08 [INFO] BNBUSDT B 推荐: 止损提醒位=700 爆仓价=519 建仓价=786.43（2026-10-05，持有 2 天）
2026-10-08 08:05:08 [INFO] BNBUSDT C 激进: 止损提醒位=700 爆仓价=519 建仓价=786.43（2026-10-05，持有 2 天）
2026-10-08 08:05:08 [INFO] SOLUSDT A 保守: 止损提醒位=99 爆仓价=78 建仓价=120.78（2026-10-05，持有 2 天）
2026-10-08 08:05:08 [INFO] SOLUSDT B 推荐: 止损提醒位=99 爆仓价=78 建仓价=120.78（2026-10-05，持有 2 天）
2026-10-08 08:05:08 [INFO] SOLUSDT C 激进: 止损提醒位=99 爆仓价=78 建仓价=120.78（2026-10-05，持有 2 天）
2026-10-08 08:05:09 [INFO] 邮件已发送：【BTC/ETH/BNB/SOL信号·3倍合约】每日日报 · 方向未变
2026-10-08 08:05:09 [INFO] 状态已更新 -> C:\git\main_bian_test\case\历史回测3-3X探索的策略\signal_state.json
