2026-10-03 10:49:40 [INFO] 启动：profiles=['A', 'B', 'C'] force=False dry_run=True test=False
2026-10-03 10:49:40 [INFO] 数据就绪：999 根，最新已收盘 2026-10-02，滞后 0 天
2026-10-03 10:49:40 [INFO] A 保守: 方向=多 净敞口=0.726 名义=7257 参数明细=[1, 1, 1, 1, 1]
2026-10-03 10:49:40 [INFO] B 推荐: 方向=多 净敞口=1.089 名义=10885 参数明细=[1, 1, 1, 1, 1]
2026-10-03 10:49:40 [INFO] C 激进: 方向=多 净敞口=1.814 名义=18142 参数明细=[1, 1, 1, 1, 1]
2026-10-03 10:49:40 [INFO] A 保守: 止损提醒位=72,871 爆仓价=56768
2026-10-03 10:49:40 [INFO] B 推荐: 止损提醒位=72,871 爆仓价=56768
2026-10-03 10:49:40 [INFO] C 激进: 止损提醒位=72,871 爆仓价=56768
2026-10-03 10:49:40 [INFO] [dry-run] 变化情况：首次=['A', 'B', 'C'] 变化=[]
2026-10-03 10:52:57 [INFO] 启动：profiles=['A', 'B', 'C'] force=False dry_run=True test=False
2026-10-03 10:52:57 [INFO] 数据就绪：999 根，最新已收盘 2026-10-02，滞后 0 天
2026-10-03 10:52:57 [INFO] A 保守: 方向=多 净敞口=0.726 名义=7257 参数明细=[1, 1, 1, 1, 1]
2026-10-03 10:52:57 [INFO] B 推荐: 方向=多 净敞口=1.089 名义=10885 参数明细=[1, 1, 1, 1, 1]
2026-10-03 10:52:57 [INFO] C 激进: 方向=多 净敞口=1.814 名义=18142 参数明细=[1, 1, 1, 1, 1]
2026-10-03 10:52:57 [INFO] A 保守: 止损提醒位=75,573 爆仓价=56768
2026-10-03 10:52:57 [INFO] B 推荐: 止损提醒位=75,573 爆仓价=56768
2026-10-03 10:52:57 [INFO] C 激进: 止损提醒位=75,573 爆仓价=56768
2026-10-03 10:52:57 [INFO] [dry-run] 变化情况：首次=[] 变化=[]
2026-10-03 10:57:17 [INFO] 启动：profiles=['A', 'B', 'C'] force=False dry_run=False test=False
2026-10-03 10:57:18 [INFO] 数据就绪：999 根，最新已收盘 2026-10-02，滞后 0 天
2026-10-03 10:57:18 [INFO] A 保守: 方向=多 净敞口=0.726 名义=7257 参数明细=[1, 1, 1, 1, 1]
2026-10-03 10:57:18 [INFO] B 推荐: 方向=多 净敞口=1.089 名义=10885 参数明细=[1, 1, 1, 1, 1]
2026-10-03 10:57:18 [INFO] C 激进: 方向=多 净敞口=1.814 名义=18142 参数明细=[1, 1, 1, 1, 1]
2026-10-03 10:57:18 [INFO] A 保守: 止损提醒位=75,573 爆仓价=56768
2026-10-03 10:57:18 [INFO] B 推荐: 止损提醒位=75,573 爆仓价=56768
2026-10-03 10:57:18 [INFO] C 激进: 止损提醒位=75,573 爆仓价=56768
2026-10-03 10:57:18 [INFO] 无方向变化，跳过推送
2026-10-03 11:00:25 [INFO] 启动：profiles=['A', 'B', 'C'] force=False dry_run=False test=True
2026-10-03 11:00:26 [INFO] 数据就绪：999 根，最新已收盘 2026-10-02，滞后 0 天
2026-10-03 11:00:27 [INFO] 测试邮件已发送至 1247504226@qq.com
