

########## 2026-10-05 22:42:07 ##########

==========================================================================
  币安合约对账自检 · 只读模式
==========================================================================
运行时间：2026-10-05 22:42:07（北京时间）

==========================================================================
  0. 总开关 / 运行模式（config.json）
==========================================================================
  mode                          = live
  i_understand_real_money       = True
  → 综合结论：mode=live 且已确认（真实下单已放行）
  ⚠ 允许真实下单
  trade.dry_run    = False   → 真实提交
  run_mode         = multi   → 实际运行：四币等权（4 个交易对）
  交易对           = BTCUSDT, ETHUSDT, BNBUSDT, SOLUSDT
  trade.profile    = B
  trade.leverage   = 3×   保证金模式 = ISOLATED
  config.leverage  = 3.0×  （回测/信号用的杠杆）

==========================================================================
  1. 密钥
==========================================================================
[!!]  config.trade 里的 apiKey / apiSecret 还是占位符。
      请填入真实密钥（或用环境变量 BINANCE_API_KEY / BINANCE_API_SECRET）。
      未填密钥时无法继续对账。