2026-10-05 20:59:50 [INFO] 总开关：mode=observe  real_ok=False  —— 总开关 mode=observe（只推送，不下单）
2026-10-05 20:59:50 [WARNING] 当前为【观察模式】：本次只算目标仓位，不会提交任何订单。
2026-10-05 20:59:50 [WARNING] 想开始实盘：把 config.json 顶部 _master_switch.mode 改成 "live"，并把 i_understand_real_money 改成 true。
2026-10-05 20:59:50 [INFO] ==============================================================
2026-10-05 20:59:50 [INFO] 自动交易启动  profile=B(B 推荐)  杠杆=3×  总开关=observe  真正下单=否  check=True
2026-10-05 20:59:51 [INFO] 信号：方向=多 净敞口=1.182 参数明细=[1, 1, 1, 1, 1] 价格=86530.00 日波动=2.54%
2026-10-05 20:59:51 [ERROR] --------------------------------------------------------------
2026-10-05 20:59:51 [ERROR] 尚未配置币安 API 密钥，无法连接交易所。
2026-10-05 20:59:51 [ERROR] 请编辑 config.json 的 trade.apiKey / trade.apiSecret，
2026-10-05 20:59:51 [ERROR] 或设置环境变量 BINANCE_API_KEY / BINANCE_API_SECRET。
2026-10-05 20:59:51 [ERROR] 配置后可先跑：python sync_check.py  做只读对账。
2026-10-05 20:59:51 [ERROR] --------------------------------------------------------------
2026-10-05 20:59:51 [INFO] （本次已成功算出信号：方向=多 净敞口=1.182 价格=86530.00 日波动=2.54%）
2026-10-05 22:41:53 [INFO] 总开关：mode=live  real_ok=True  —— mode=live 且已确认（真实下单已放行）
2026-10-05 22:41:53 [INFO] ==============================================================
2026-10-05 22:41:53 [INFO] 自动交易启动  模式=四币等权（4 个交易对：BTCUSDT,ETHUSDT,BNBUSDT,SOLUSDT）  profile=B(B 推荐)  杠杆=3×  总开关=live  真正下单=否  check=True
2026-10-05 22:41:53 [INFO] 资金分配：账户总权益 ÷ 4（动态再平衡）—— 账户涨了每币配额自动等比放大
2026-10-05 22:41:56 [INFO] BTCUSDT 数据就绪：999 根，最新已收盘 2026-10-04
2026-10-05 22:41:58 [INFO] ETHUSDT 数据就绪：999 根，最新已收盘 2026-10-04
2026-10-05 22:42:00 [INFO] BNBUSDT 数据就绪：999 根，最新已收盘 2026-10-04
2026-10-05 22:42:02 [INFO] SOLUSDT 数据就绪：999 根，最新已收盘 2026-10-04
2026-10-05 22:42:02 [ERROR] --------------------------------------------------------------
2026-10-05 22:42:02 [ERROR] 尚未配置币安 API 密钥，无法连接交易所。
2026-10-05 22:42:02 [ERROR] 请编辑 config.json 的 trade.apiKey / trade.apiSecret，
2026-10-05 22:42:02 [ERROR] 或设置环境变量 BINANCE_API_KEY / BINANCE_API_SECRET。
2026-10-05 22:42:02 [ERROR] 配置后可先跑：python sync_check.py  做只读对账。
2026-10-05 22:42:02 [ERROR] --------------------------------------------------------------
2026-10-05 22:42:02 [INFO] （配置本金口径）BTCUSDT：方向=多 净敞口=1.182 价格=86530.00 日波动=2.54%
2026-10-05 22:42:02 [INFO] （配置本金口径）ETHUSDT：方向=多 净敞口=0.953 价格=2726.94 日波动=3.15%
2026-10-05 22:42:02 [INFO] （配置本金口径）BNBUSDT：方向=多 净敞口=1.048 价格=795.43 日波动=2.86%
2026-10-05 22:42:02 [INFO] （配置本金口径）SOLUSDT：方向=多 净敞口=0.756 价格=121.60 日波动=3.97%
2026-10-05 22:42:03 [INFO] 总开关：mode=live  real_ok=True  —— mode=live 且已确认（真实下单已放行）
2026-10-05 22:42:03 [INFO] ==============================================================
2026-10-05 22:42:03 [INFO] 自动交易启动  模式=仅单标的（1 个交易对：BTCUSDT）  profile=B(B 推荐)  杠杆=3×  总开关=live  真正下单=否  check=True
2026-10-05 22:42:06 [INFO] BTCUSDT 数据就绪：999 根，最新已收盘 2026-10-04
2026-10-05 22:42:06 [ERROR] --------------------------------------------------------------
2026-10-05 22:42:06 [ERROR] 尚未配置币安 API 密钥，无法连接交易所。
2026-10-05 22:42:06 [ERROR] 请编辑 config.json 的 trade.apiKey / trade.apiSecret，
2026-10-05 22:42:06 [ERROR] 或设置环境变量 BINANCE_API_KEY / BINANCE_API_SECRET。
2026-10-05 22:42:06 [ERROR] 配置后可先跑：python sync_check.py  做只读对账。
2026-10-05 22:42:06 [ERROR] --------------------------------------------------------------
2026-10-05 22:42:06 [INFO] （配置本金口径）BTCUSDT：方向=多 净敞口=1.182 价格=86530.00 日波动=2.54%
