==============================================================================
MACD-X 运行日志    2026-10-01 08:01:22（北京时间）
脚本目录 : C:\git\main_bian_test\case\历史回测2-MACD-X策略
工作目录 : C:\git\main_bian_test\case\历史回测2-MACD-X策略
Python   : C:\Users\hongji\AppData\Local\Programs\Python\Python39\python.exe
版本     : 3.9.7  平台 win32
命令行   : macdx_strategy.py --symbols BTCUSDT ETHUSDT BNBUSDT SOLUSDT DOGEUSDT --signal --capital 1000 --frac 0.7 --log-file logs\macdx_202610.log
==============================================================================

[MACD-X] 2026-10-01 08:01:22（北京时间）  代理: 开 http://127.0.0.1:7897   重试: 6 次/页
  下载 BTCUSDT 1d ...（第 1/3 轮）
    BTCUSDT 1d: 1000 根, 最新 2020-05-12
    BTCUSDT 1d: 2000 根, 最新 2023-02-06
    BTCUSDT 1d: 3000 根, 最新 2025-11-02
    BTCUSDT 1d: 3333 根, 最新 2026-10-01

  [注意] 最新一根 1d K 线尚未收盘，已自动剔除，信号基于上一根已收盘 K 线（2026-09-30 00:00:00）。用 --include-today 可强制包含。

【BTCUSDT 当前信号】  数据源: api
  最新 K 线      : 2026-09-30 00:00:00
  收盘价         : $83,623.6000
  EMA(200)     : $74,450.8318   价格在均线上方 ✓
  MACD 快线      : +2075.4645   在零轴上方 ✓
  ATR(14)        : $2,264.8856
  →  策略动作     : 【持有 / 买入】
  [邮件] BTCUSDT 状态未变化（持有），不推送。
  下载 ETHUSDT 1d ...（第 1/3 轮）
    ETHUSDT 1d: 1000 根, 最新 2020-05-12
    ETHUSDT 1d: 2000 根, 最新 2023-02-06
    ETHUSDT 1d: 3000 根, 最新 2025-11-02
    ETHUSDT 1d: 3333 根, 最新 2026-10-01

  [注意] 最新一根 1d K 线尚未收盘，已自动剔除，信号基于上一根已收盘 K 线（2026-09-30 00:00:00）。用 --include-today 可强制包含。

【ETHUSDT 当前信号】  数据源: api
  最新 K 线      : 2026-09-30 00:00:00
  收盘价         : $2,686.0100
  EMA(200)     : $2,268.2454   价格在均线上方 ✓
  MACD 快线      : +78.3192   在零轴上方 ✓
  ATR(14)        : $93.9989
  →  策略动作     : 【持有 / 买入】
  [邮件] ETHUSDT 状态未变化（持有），不推送。
  下载 BNBUSDT 1d ...（第 1/3 轮）
    BNBUSDT 1d: 1000 根, 最新 2020-08-01
    BNBUSDT 1d: 2000 根, 最新 2023-04-28
    BNBUSDT 1d: 3000 根, 最新 2026-01-22
    BNBUSDT 1d: 3252 根, 最新 2026-10-01

  [注意] 最新一根 1d K 线尚未收盘，已自动剔除，信号基于上一根已收盘 K 线（2026-09-30 00:00:00）。用 --include-today 可强制包含。

【BNBUSDT 当前信号】  数据源: api
  最新 K 线      : 2026-09-30 00:00:00
  收盘价         : $769.2700
  EMA(200)     : $674.4272   价格在均线上方 ✓
  MACD 快线      : +17.4356   在零轴上方 ✓
  ATR(14)        : $23.7318
  →  策略动作     : 【持有 / 买入】
  [邮件] BNBUSDT 状态未变化（持有），不推送。
  下载 SOLUSDT 1d ...（第 1/3 轮）
    SOLUSDT 1d: 1000 根, 最新 2023-05-07
    SOLUSDT 1d: 2000 根, 最新 2026-01-31
    SOLUSDT 1d: 2243 根, 最新 2026-10-01

  [注意] 最新一根 1d K 线尚未收盘，已自动剔除，信号基于上一根已收盘 K 线（2026-09-30 00:00:00）。用 --include-today 可强制包含。

【SOLUSDT 当前信号】  数据源: api
  最新 K 线      : 2026-09-30 00:00:00
  收盘价         : $118.1200
  EMA(200)     : $95.1416   价格在均线上方 ✓
  MACD 快线      : +5.7474   在零轴上方 ✓
  ATR(14)        : $5.3167
  →  策略动作     : 【持有 / 买入】
  [邮件] SOLUSDT 状态未变化（持有），不推送。
  下载 DOGEUSDT 1d ...（第 1/3 轮）
    DOGEUSDT 1d: 1000 根, 最新 2022-03-30
    DOGEUSDT 1d: 2000 根, 最新 2024-12-24
    DOGEUSDT 1d: 2646 根, 最新 2026-10-01

  [注意] 最新一根 1d K 线尚未收盘，已自动剔除，信号基于上一根已收盘 K 线（2026-09-30 00:00:00）。用 --include-today 可强制包含。

【DOGEUSDT 当前信号】  数据源: api
  最新 K 线      : 2026-09-30 00:00:00
  收盘价         : $0.0946
  EMA(200)     : $0.0933   价格在均线上方 ✓
  MACD 快线      : +0.0032   在零轴上方 ✓
  ATR(14)        : $0.0057
  →  策略动作     : 【持有 / 买入】
  [邮件] DOGEUSDT 状态未变化（持有），不推送。
------------------------------------------------------------------------------
运行结束    2026-10-01 08:01:50    退出码 0

==============================================================================
MACD-X 运行日志    2026-10-02 08:01:01（北京时间）
脚本目录 : C:\git\main_bian_test\case\历史回测2-MACD-X策略
工作目录 : C:\git\main_bian_test\case\历史回测2-MACD-X策略
Python   : C:\Users\hongji\AppData\Local\Programs\Python\Python39\python.exe
版本     : 3.9.7  平台 win32
命令行   : macdx_strategy.py --symbols BTCUSDT ETHUSDT BNBUSDT SOLUSDT DOGEUSDT --signal --capital 1000 --frac 0.7 --log-file logs\macdx_202610.log
==============================================================================

[MACD-X] 2026-10-02 08:01:01（北京时间）  代理: 开 http://127.0.0.1:7897   重试: 6 次/页
  下载 BTCUSDT 1d ...（第 1/3 轮）
    BTCUSDT 1d: 1000 根, 最新 2020-05-12
    BTCUSDT 1d: 2000 根, 最新 2023-02-06
    BTCUSDT 1d: 3000 根, 最新 2025-11-02
    BTCUSDT 1d: 3334 根, 最新 2026-10-02

  [注意] 最新一根 1d K 线尚未收盘，已自动剔除，信号基于上一根已收盘 K 线（2026-10-01 00:00:00）。用 --include-today 可强制包含。

【BTCUSDT 当前信号】  数据源: api
  最新 K 线      : 2026-10-01 00:00:00
  收盘价         : $84,880.0500
  EMA(200)     : $74,554.6051   价格在均线上方 ✓
  MACD 快线      : +2059.2917   在零轴上方 ✓
  ATR(14)        : $2,252.2259
  →  策略动作     : 【持有 / 买入】
  [邮件] BTCUSDT 状态未变化（持有），不推送。
  下载 ETHUSDT 1d ...（第 1/3 轮）
    ETHUSDT 1d: 1000 根, 最新 2020-05-12
    ETHUSDT 1d: 2000 根, 最新 2023-02-06
    ETHUSDT 1d: 3000 根, 最新 2025-11-02
    ETHUSDT 1d: 3334 根, 最新 2026-10-02

  [注意] 最新一根 1d K 线尚未收盘，已自动剔除，信号基于上一根已收盘 K 线（2026-10-01 00:00:00）。用 --include-today 可强制包含。

【ETHUSDT 当前信号】  数据源: api
  最新 K 线      : 2026-10-01 00:00:00
  收盘价         : $2,706.4200
  EMA(200)     : $2,272.6053   价格在均线上方 ✓
  MACD 快线      : +76.0173   在零轴上方 ✓
  ATR(14)        : $90.7754
  →  策略动作     : 【持有 / 买入】
  [邮件] ETHUSDT 状态未变化（持有），不推送。
  下载 BNBUSDT 1d ...（第 1/3 轮）
    BNBUSDT 1d: 1000 根, 最新 2020-08-01
    BNBUSDT 1d: 2000 根, 最新 2023-04-28
    BNBUSDT 1d: 3000 根, 最新 2026-01-22
    BNBUSDT 1d: 3253 根, 最新 2026-10-02

  [注意] 最新一根 1d K 线尚未收盘，已自动剔除，信号基于上一根已收盘 K 线（2026-10-01 00:00:00）。用 --include-today 可强制包含。

【BNBUSDT 当前信号】  数据源: api
  最新 K 线      : 2026-10-01 00:00:00
  收盘价         : $771.7500
  EMA(200)     : $675.3956   价格在均线上方 ✓
  MACD 快线      : +16.6240   在零轴上方 ✓
  ATR(14)        : $22.8553
  →  策略动作     : 【持有 / 买入】
  [邮件] BNBUSDT 状态未变化（持有），不推送。
  下载 SOLUSDT 1d ...（第 1/3 轮）
    SOLUSDT 1d: 1000 根, 最新 2023-05-07
    SOLUSDT 1d: 2000 根, 最新 2026-01-31
    SOLUSDT 1d: 2244 根, 最新 2026-10-02

  [注意] 最新一根 1d K 线尚未收盘，已自动剔除，信号基于上一根已收盘 K 线（2026-10-01 00:00:00）。用 --include-today 可强制包含。

【SOLUSDT 当前信号】  数据源: api
  最新 K 线      : 2026-10-01 00:00:00
  收盘价         : $118.4100
  EMA(200)     : $95.3731   价格在均线上方 ✓
  MACD 快线      : +5.4675   在零轴上方 ✓
  ATR(14)        : $5.1441
  →  策略动作     : 【持有 / 买入】
  [邮件] SOLUSDT 状态未变化（持有），不推送。
  下载 DOGEUSDT 1d ...（第 1/3 轮）
    DOGEUSDT 1d: 1000 根, 最新 2022-03-30
    DOGEUSDT 1d: 2000 根, 最新 2024-12-24
    DOGEUSDT 1d: 2647 根, 最新 2026-10-02

  [注意] 最新一根 1d K 线尚未收盘，已自动剔除，信号基于上一根已收盘 K 线（2026-10-01 00:00:00）。用 --include-today 可强制包含。

【DOGEUSDT 当前信号】  数据源: api
  最新 K 线      : 2026-10-01 00:00:00
  收盘价         : $0.0944
  EMA(200)     : $0.0933   价格在均线上方 ✓
  MACD 快线      : +0.0030   在零轴上方 ✓
  ATR(14)        : $0.0054
  →  策略动作     : 【持有 / 买入】
  [邮件] DOGEUSDT 状态未变化（持有），不推送。
------------------------------------------------------------------------------
运行结束    2026-10-02 08:01:28    退出码 0

==============================================================================
MACD-X 运行日志    2026-10-03 08:01:01（北京时间）
脚本目录 : C:\git\main_bian_test\case\历史回测2-MACD-X策略
工作目录 : C:\git\main_bian_test\case\历史回测2-MACD-X策略
Python   : C:\Users\hongji\AppData\Local\Programs\Python\Python39\python.exe
版本     : 3.9.7  平台 win32
命令行   : macdx_strategy.py --symbols BTCUSDT ETHUSDT BNBUSDT SOLUSDT DOGEUSDT --signal --capital 1000 --frac 0.7 --log-file logs\macdx_202610.log
==============================================================================

[MACD-X] 2026-10-03 08:01:01（北京时间）  代理: 开 http://127.0.0.1:7897   重试: 6 次/页
  下载 BTCUSDT 1d ...（第 1/3 轮）
    BTCUSDT 1d: 1000 根, 最新 2020-05-12
    BTCUSDT 1d: 2000 根, 最新 2023-02-06
    BTCUSDT 1d: 3000 根, 最新 2025-11-02
    BTCUSDT 1d: 3335 根, 最新 2026-10-03

  [注意] 最新一根 1d K 线尚未收盘，已自动剔除，信号基于上一根已收盘 K 线（2026-10-02 00:00:00）。用 --include-today 可强制包含。

【BTCUSDT 当前信号】  数据源: api
  最新 K 线      : 2026-10-02 00:00:00
  收盘价         : $84,518.0100
  EMA(200)     : $74,653.7434   价格在均线上方 ✓
  MACD 快线      : +1994.2723   在零轴上方 ✓
  ATR(14)        : $2,329.3526
  →  策略动作     : 【持有 / 买入】
  [邮件] BTCUSDT 状态未变化（持有），不推送。
  下载 ETHUSDT 1d ...（第 1/3 轮）
    ETHUSDT 1d: 1000 根, 最新 2020-05-12
    ETHUSDT 1d: 2000 根, 最新 2023-02-06
    ETHUSDT 1d: 3000 根, 最新 2025-11-02
    ETHUSDT 1d: 3335 根, 最新 2026-10-03

  [注意] 最新一根 1d K 线尚未收盘，已自动剔除，信号基于上一根已收盘 K 线（2026-10-02 00:00:00）。用 --include-today 可强制包含。

【ETHUSDT 当前信号】  数据源: api
  最新 K 线      : 2026-10-02 00:00:00
  收盘价         : $2,668.5900
  EMA(200)     : $2,276.5455   价格在均线上方 ✓
  MACD 快线      : +70.3296   在零轴上方 ✓
  ATR(14)        : $93.3236
  →  策略动作     : 【持有 / 买入】
  [邮件] ETHUSDT 状态未变化（持有），不推送。
  下载 BNBUSDT 1d ...（第 1/3 轮）
    BNBUSDT 1d: 1000 根, 最新 2020-08-01
    BNBUSDT 1d: 2000 根, 最新 2023-04-28
    BNBUSDT 1d: 3000 根, 最新 2026-01-22
    BNBUSDT 1d: 3254 根, 最新 2026-10-03

  [注意] 最新一根 1d K 线尚未收盘，已自动剔除，信号基于上一根已收盘 K 线（2026-10-02 00:00:00）。用 --include-today 可强制包含。

【BNBUSDT 当前信号】  数据源: api
  最新 K 线      : 2026-10-02 00:00:00
  收盘价         : $768.2500
  EMA(200)     : $676.3195   价格在均线上方 ✓
  MACD 快线      : +15.5195   在零轴上方 ✓
  ATR(14)        : $22.9449
  →  策略动作     : 【持有 / 买入】
  [邮件] BNBUSDT 状态未变化（持有），不推送。
  下载 SOLUSDT 1d ...（第 1/3 轮）
    SOLUSDT 1d: 1000 根, 最新 2023-05-07
    SOLUSDT 1d: 2000 根, 最新 2026-01-31
    SOLUSDT 1d: 2245 根, 最新 2026-10-03

  [注意] 最新一根 1d K 线尚未收盘，已自动剔除，信号基于上一根已收盘 K 线（2026-10-02 00:00:00）。用 --include-today 可强制包含。

【SOLUSDT 当前信号】  数据源: api
  最新 K 线      : 2026-10-02 00:00:00
  收盘价         : $118.6500
  EMA(200)     : $95.6047   价格在均线上方 ✓
  MACD 快线      : +5.2050   在零轴上方 ✓
  ATR(14)        : $5.2517
  →  策略动作     : 【持有 / 买入】
  [邮件] SOLUSDT 状态未变化（持有），不推送。
  下载 DOGEUSDT 1d ...（第 1/3 轮）
    DOGEUSDT 1d: 1000 根, 最新 2022-03-30
    DOGEUSDT 1d: 2000 根, 最新 2024-12-24
    DOGEUSDT 1d: 2648 根, 最新 2026-10-03

  [注意] 最新一根 1d K 线尚未收盘，已自动剔除，信号基于上一根已收盘 K 线（2026-10-02 00:00:00）。用 --include-today 可强制包含。

【DOGEUSDT 当前信号】  数据源: api
  最新 K 线      : 2026-10-02 00:00:00
  收盘价         : $0.0929
  EMA(200)     : $0.0933   价格在均线下方 ✗
  MACD 快线      : +0.0027   在零轴上方 ✓
  ATR(14)        : $0.0056
  →  策略动作     : 【空仓 / 离场】
  [邮件] 已发送【卖出】提醒到 1247504226@qq.com
------------------------------------------------------------------------------
运行结束    2026-10-03 08:01:29    退出码 0

