==============================================================================
MACD-X 运行日志    2026-09-30 15:33:58（北京时间）
脚本目录 : C:\Users\hongji\Downloads\Documents\新建文件夹 (2)\历史回测2-MACD-X策略
工作目录 : C:\Users\hongji\Downloads\Documents\新建文件夹 (2)\历史回测2-MACD-X策略
Python   : C:\Users\hongji\.workbuddy-ai\binaries\python\versions\3.13.12\python.exe
版本     : 3.13.14  平台 win32
命令行   : macdx_strategy.py --symbols BTCUSDT ETHUSDT BNBUSDT SOLUSDT DOGEUSDT --signal --capital 1000 --frac 0.7 --log-file logs\macdx_20260930.log
==============================================================================

[MACD-X] 2026-09-30 15:33:58（北京时间）  代理: 开 http://127.0.0.1:7897   重试: 6 次/页
  下载 BTCUSDT 1d ...（第 1/3 轮）
    [BTCUSDT] 第 1 次失败（代理）：URLError: <urlopen error [WinError 10061] 由于目标计算机积极拒绝，无法连接。> → 3.0s 后重试
    BTCUSDT 1d: 1000 根, 最新 2020-05-12
    BTCUSDT 1d: 2000 根, 最新 2023-02-06
    BTCUSDT 1d: 3000 根, 最新 2025-11-02
    BTCUSDT 1d: 3332 根, 最新 2026-09-30

  [注意] 最新一根 1d K 线尚未收盘，已自动剔除，信号基于上一根已收盘 K 线（2026-09-29 00:00:00）。用 --include-today 可强制包含。

【BTCUSDT 当前信号】  数据源: api
  最新 K 线      : 2026-09-29 00:00:00
  收盘价         : $83,663.6600
  EMA(200)     : $74,358.6431   价格在均线上方 ✓
  MACD 快线      : +2193.8477   在零轴上方 ✓
  ATR(14)        : $2,231.8891
  →  策略动作     : 【持有 / 买入】
  [邮件] 首次运行，已记录 BTCUSDT 状态为【持有】；下次状态变化时才推送。
  下载 ETHUSDT 1d ...（第 1/3 轮）
    ETHUSDT 1d: 1000 根, 最新 2020-05-12
    ETHUSDT 1d: 2000 根, 最新 2023-02-06
    ETHUSDT 1d: 3000 根, 最新 2025-11-02
    ETHUSDT 1d: 3332 根, 最新 2026-09-30

  [注意] 最新一根 1d K 线尚未收盘，已自动剔除，信号基于上一根已收盘 K 线（2026-09-29 00:00:00）。用 --include-today 可强制包含。

【ETHUSDT 当前信号】  数据源: api
  最新 K 线      : 2026-09-29 00:00:00
  收盘价         : $2,677.9800
  EMA(200)     : $2,264.0467   价格在均线上方 ✓
  MACD 快线      : +82.1963   在零轴上方 ✓
  ATR(14)        : $94.9534
  →  策略动作     : 【持有 / 买入】
  [邮件] 首次运行，已记录 ETHUSDT 状态为【持有】；下次状态变化时才推送。
  下载 BNBUSDT 1d ...（第 1/3 轮）
    BNBUSDT 1d: 1000 根, 最新 2020-08-01
    BNBUSDT 1d: 2000 根, 最新 2023-04-28
    BNBUSDT 1d: 3000 根, 最新 2026-01-22
    BNBUSDT 1d: 3251 根, 最新 2026-09-30

  [注意] 最新一根 1d K 线尚未收盘，已自动剔除，信号基于上一根已收盘 K 线（2026-09-29 00:00:00）。用 --include-today 可强制包含。

【BNBUSDT 当前信号】  数据源: api
  最新 K 线      : 2026-09-29 00:00:00
  收盘价         : $758.6600
  EMA(200)     : $673.4740   价格在均线上方 ✓
  MACD 快线      : +18.4704   在零轴上方 ✓
  ATR(14)        : $23.7689
  →  策略动作     : 【持有 / 买入】
  [邮件] 首次运行，已记录 BNBUSDT 状态为【持有】；下次状态变化时才推送。
  下载 SOLUSDT 1d ...（第 1/3 轮）
    SOLUSDT 1d: 1000 根, 最新 2023-05-07
    SOLUSDT 1d: 2000 根, 最新 2026-01-31
    SOLUSDT 1d: 2242 根, 最新 2026-09-30

  [注意] 最新一根 1d K 线尚未收盘，已自动剔除，信号基于上一根已收盘 K 线（2026-09-29 00:00:00）。用 --include-today 可强制包含。

【SOLUSDT 当前信号】  数据源: api
  最新 K 线      : 2026-09-29 00:00:00
  收盘价         : $119.1500
  EMA(200)     : $94.9107   价格在均线上方 ✓
  MACD 快线      : +6.0506   在零轴上方 ✓
  ATR(14)        : $5.2819
  →  策略动作     : 【持有 / 买入】
  [邮件] 首次运行，已记录 SOLUSDT 状态为【持有】；下次状态变化时才推送。
  下载 DOGEUSDT 1d ...（第 1/3 轮）
    DOGEUSDT 1d: 1000 根, 最新 2022-03-30
    DOGEUSDT 1d: 2000 根, 最新 2024-12-24
    DOGEUSDT 1d: 2645 根, 最新 2026-09-30

  [注意] 最新一根 1d K 线尚未收盘，已自动剔除，信号基于上一根已收盘 K 线（2026-09-29 00:00:00）。用 --include-today 可强制包含。

【DOGEUSDT 当前信号】  数据源: api
  最新 K 线      : 2026-09-29 00:00:00
  收盘价         : $0.0939
  EMA(200)     : $0.0932   价格在均线上方 ✓
  MACD 快线      : +0.0033   在零轴上方 ✓
  ATR(14)        : $0.0057
  →  策略动作     : 【持有 / 买入】
  [邮件] 首次运行，已记录 DOGEUSDT 状态为【持有】；下次状态变化时才推送。
------------------------------------------------------------------------------
运行结束    2026-09-30 15:34:39    退出码 0

==============================================================================
MACD-X 运行日志    2026-09-30 15:56:40（北京时间）
脚本目录 : C:\Users\hongji\Downloads\Documents\新建文件夹 (2)\历史回测2-MACD-X策略
工作目录 : C:\Users\hongji\Downloads\Documents\新建文件夹 (2)\历史回测2-MACD-X策略
Python   : C:\Users\hongji\.workbuddy-ai\binaries\python\versions\3.13.12\python.exe
版本     : 3.13.14  平台 win32
命令行   : macdx_strategy.py --symbols BTCUSDT ETHUSDT BNBUSDT SOLUSDT DOGEUSDT --signal --capital 1000 --frac 0.7 --log-file logs\macdx_202609.log
==============================================================================

[MACD-X] 2026-09-30 15:56:40（北京时间）  代理: 开 http://127.0.0.1:7897   重试: 6 次/页
  下载 BTCUSDT 1d ...（第 1/3 轮）
    [BTCUSDT] 第 1 次失败（代理）：URLError: <urlopen error [WinError 10061] 由于目标计算机积极拒绝，无法连接。> → 2.8s 后重试
    BTCUSDT 1d: 1000 根, 最新 2020-05-12
    BTCUSDT 1d: 2000 根, 最新 2023-02-06
    BTCUSDT 1d: 3000 根, 最新 2025-11-02
    BTCUSDT 1d: 3332 根, 最新 2026-09-30

  [注意] 最新一根 1d K 线尚未收盘，已自动剔除，信号基于上一根已收盘 K 线（2026-09-29 00:00:00）。用 --include-today 可强制包含。

【BTCUSDT 当前信号】  数据源: api
  最新 K 线      : 2026-09-29 00:00:00
  收盘价         : $83,663.6600
  EMA(200)     : $74,358.6431   价格在均线上方 ✓
  MACD 快线      : +2193.8477   在零轴上方 ✓
  ATR(14)        : $2,231.8891
  →  策略动作     : 【持有 / 买入】
  [邮件] BTCUSDT 状态未变化（持有），不推送。
  下载 ETHUSDT 1d ...（第 1/3 轮）
    ETHUSDT 1d: 1000 根, 最新 2020-05-12
    ETHUSDT 1d: 2000 根, 最新 2023-02-06
    ETHUSDT 1d: 3000 根, 最新 2025-11-02
    ETHUSDT 1d: 3332 根, 最新 2026-09-30

  [注意] 最新一根 1d K 线尚未收盘，已自动剔除，信号基于上一根已收盘 K 线（2026-09-29 00:00:00）。用 --include-today 可强制包含。

【ETHUSDT 当前信号】  数据源: api
  最新 K 线      : 2026-09-29 00:00:00
  收盘价         : $2,677.9800
  EMA(200)     : $2,264.0467   价格在均线上方 ✓
  MACD 快线      : +82.1963   在零轴上方 ✓
  ATR(14)        : $94.9534
  →  策略动作     : 【持有 / 买入】
  [邮件] ETHUSDT 状态未变化（持有），不推送。
  下载 BNBUSDT 1d ...（第 1/3 轮）
    BNBUSDT 1d: 1000 根, 最新 2020-08-01
    BNBUSDT 1d: 2000 根, 最新 2023-04-28
    BNBUSDT 1d: 3000 根, 最新 2026-01-22
    BNBUSDT 1d: 3251 根, 最新 2026-09-30

  [注意] 最新一根 1d K 线尚未收盘，已自动剔除，信号基于上一根已收盘 K 线（2026-09-29 00:00:00）。用 --include-today 可强制包含。

【BNBUSDT 当前信号】  数据源: api
  最新 K 线      : 2026-09-29 00:00:00
  收盘价         : $758.6600
  EMA(200)     : $673.4740   价格在均线上方 ✓
  MACD 快线      : +18.4704   在零轴上方 ✓
  ATR(14)        : $23.7689
  →  策略动作     : 【持有 / 买入】
  [邮件] BNBUSDT 状态未变化（持有），不推送。
  下载 SOLUSDT 1d ...（第 1/3 轮）
    SOLUSDT 1d: 1000 根, 最新 2023-05-07
    SOLUSDT 1d: 2000 根, 最新 2026-01-31
    SOLUSDT 1d: 2242 根, 最新 2026-09-30

  [注意] 最新一根 1d K 线尚未收盘，已自动剔除，信号基于上一根已收盘 K 线（2026-09-29 00:00:00）。用 --include-today 可强制包含。

【SOLUSDT 当前信号】  数据源: api
  最新 K 线      : 2026-09-29 00:00:00
  收盘价         : $119.1500
  EMA(200)     : $94.9107   价格在均线上方 ✓
  MACD 快线      : +6.0506   在零轴上方 ✓
  ATR(14)        : $5.2819
  →  策略动作     : 【持有 / 买入】
  [邮件] SOLUSDT 状态未变化（持有），不推送。
  下载 DOGEUSDT 1d ...（第 1/3 轮）
    DOGEUSDT 1d: 1000 根, 最新 2022-03-30
    DOGEUSDT 1d: 2000 根, 最新 2024-12-24
    DOGEUSDT 1d: 2645 根, 最新 2026-09-30

  [注意] 最新一根 1d K 线尚未收盘，已自动剔除，信号基于上一根已收盘 K 线（2026-09-29 00:00:00）。用 --include-today 可强制包含。

【DOGEUSDT 当前信号】  数据源: api
  最新 K 线      : 2026-09-29 00:00:00
  收盘价         : $0.0939
  EMA(200)     : $0.0932   价格在均线上方 ✓
  MACD 快线      : +0.0033   在零轴上方 ✓
  ATR(14)        : $0.0057
  →  策略动作     : 【持有 / 买入】
  [邮件] DOGEUSDT 状态未变化（持有），不推送。
------------------------------------------------------------------------------
运行结束    2026-09-30 15:57:35    退出码 0

==============================================================================
MACD-X 运行日志    2026-09-30 15:59:46（北京时间）
脚本目录 : C:\Users\hongji\Downloads\Documents\新建文件夹 (2)\历史回测2-MACD-X策略
工作目录 : C:\Users\hongji\Downloads\Documents\新建文件夹 (2)\历史回测2-MACD-X策略
Python   : C:\Users\hongji\.workbuddy-ai\binaries\python\versions\3.13.12\python.exe
版本     : 3.13.14  平台 win32
命令行   : macdx_strategy.py --symbols BTCUSDT ETHUSDT BNBUSDT SOLUSDT DOGEUSDT --signal --capital 1000 --frac 0.7 --log-file logs\macdx_202609.log
==============================================================================

[MACD-X] 2026-09-30 15:59:46（北京时间）  代理: 开 http://127.0.0.1:7897   重试: 6 次/页
  下载 BTCUSDT 1d ...（第 1/3 轮）
    [BTCUSDT] 第 1 次失败（代理）：URLError: <urlopen error [WinError 10061] 由于目标计算机积极拒绝，无法连接。> → 2.9s 后重试
    BTCUSDT 1d: 1000 根, 最新 2020-05-12
    BTCUSDT 1d: 2000 根, 最新 2023-02-06
    BTCUSDT 1d: 3000 根, 最新 2025-11-02
    BTCUSDT 1d: 3332 根, 最新 2026-09-30

  [注意] 最新一根 1d K 线尚未收盘，已自动剔除，信号基于上一根已收盘 K 线（2026-09-29 00:00:00）。用 --include-today 可强制包含。

【BTCUSDT 当前信号】  数据源: api
  最新 K 线      : 2026-09-29 00:00:00
  收盘价         : $83,663.6600
  EMA(200)     : $74,358.6431   价格在均线上方 ✓
  MACD 快线      : +2193.8477   在零轴上方 ✓
  ATR(14)        : $2,231.8891
  →  策略动作     : 【持有 / 买入】
  [邮件] BTCUSDT 状态未变化（持有），不推送。
  下载 ETHUSDT 1d ...（第 1/3 轮）
    ETHUSDT 1d: 1000 根, 最新 2020-05-12
    ETHUSDT 1d: 2000 根, 最新 2023-02-06
    ETHUSDT 1d: 3000 根, 最新 2025-11-02
    ETHUSDT 1d: 3332 根, 最新 2026-09-30

  [注意] 最新一根 1d K 线尚未收盘，已自动剔除，信号基于上一根已收盘 K 线（2026-09-29 00:00:00）。用 --include-today 可强制包含。

【ETHUSDT 当前信号】  数据源: api
  最新 K 线      : 2026-09-29 00:00:00
  收盘价         : $2,677.9800
  EMA(200)     : $2,264.0467   价格在均线上方 ✓
  MACD 快线      : +82.1963   在零轴上方 ✓
  ATR(14)        : $94.9534
  →  策略动作     : 【持有 / 买入】
  [邮件] ETHUSDT 状态未变化（持有），不推送。
  下载 BNBUSDT 1d ...（第 1/3 轮）
    BNBUSDT 1d: 1000 根, 最新 2020-08-01
    BNBUSDT 1d: 2000 根, 最新 2023-04-28
    BNBUSDT 1d: 3000 根, 最新 2026-01-22
    BNBUSDT 1d: 3251 根, 最新 2026-09-30

  [注意] 最新一根 1d K 线尚未收盘，已自动剔除，信号基于上一根已收盘 K 线（2026-09-29 00:00:00）。用 --include-today 可强制包含。

【BNBUSDT 当前信号】  数据源: api
  最新 K 线      : 2026-09-29 00:00:00
  收盘价         : $758.6600
  EMA(200)     : $673.4740   价格在均线上方 ✓
  MACD 快线      : +18.4704   在零轴上方 ✓
  ATR(14)        : $23.7689
  →  策略动作     : 【持有 / 买入】
  [邮件] BNBUSDT 状态未变化（持有），不推送。
  下载 SOLUSDT 1d ...（第 1/3 轮）
    SOLUSDT 1d: 1000 根, 最新 2023-05-07
    SOLUSDT 1d: 2000 根, 最新 2026-01-31
    SOLUSDT 1d: 2242 根, 最新 2026-09-30

  [注意] 最新一根 1d K 线尚未收盘，已自动剔除，信号基于上一根已收盘 K 线（2026-09-29 00:00:00）。用 --include-today 可强制包含。

【SOLUSDT 当前信号】  数据源: api
  最新 K 线      : 2026-09-29 00:00:00
  收盘价         : $119.1500
  EMA(200)     : $94.9107   价格在均线上方 ✓
  MACD 快线      : +6.0506   在零轴上方 ✓
  ATR(14)        : $5.2819
  →  策略动作     : 【持有 / 买入】
  [邮件] SOLUSDT 状态未变化（持有），不推送。
  下载 DOGEUSDT 1d ...（第 1/3 轮）
    DOGEUSDT 1d: 1000 根, 最新 2022-03-30
    DOGEUSDT 1d: 2000 根, 最新 2024-12-24
    DOGEUSDT 1d: 2645 根, 最新 2026-09-30

  [注意] 最新一根 1d K 线尚未收盘，已自动剔除，信号基于上一根已收盘 K 线（2026-09-29 00:00:00）。用 --include-today 可强制包含。

【DOGEUSDT 当前信号】  数据源: api
  最新 K 线      : 2026-09-29 00:00:00
  收盘价         : $0.0939
  EMA(200)     : $0.0932   价格在均线上方 ✓
  MACD 快线      : +0.0033   在零轴上方 ✓
  ATR(14)        : $0.0057
  →  策略动作     : 【持有 / 买入】
  [邮件] DOGEUSDT 状态未变化（持有），不推送。
------------------------------------------------------------------------------
运行结束    2026-09-30 16:00:43    退出码 0

